09:42:51 **** Incremental Build of configuration Debug for project ice40_nano ****
make all 
Invoking: GNU RISC-V Cross Print Size
riscv-none-embed-size --format=berkeley "ice40_nano.elf"
   text	   data	    bss	    dec	    hex	filename
   2844	     24	   3048	   5916	   171c	ice40_nano.elf
Finished building: ice40_nano.siz
 
09:56:28 **** Incremental Build of configuration Debug for project ice40_nano ****
make all 
Building target: ice40_nano.elf
Invoking: GNU RISC-V Cross C Linker
riscv-none-embed-gcc -march=rv32i -mabi=ilp32 -msmall-data-limit=8 -mno-save-restore -O0 -fmessage-length=0 -fsigned-char -ffunction-sections -fdata-sections  -g3 -T "O:/src/Propel/iCE40UP/ice40_nano/ws/ice40_nano/src/linker.ld" -nostartfiles -Xlinker --gc-sections -Wl,-Map,"ice40_nano.map" --specs=picolibc.specs -DPICOLIBC_INTEGER_PRINTF_SCANF -o "ice40_nano.elf"  ./src/bsp/driver/uart/uart.o  ./src/bsp/driver/riscv_nano/crt0.o ./src/bsp/driver/riscv_nano/exit.o ./src/bsp/driver/riscv_nano/interrupt.o ./src/bsp/driver/riscv_nano/iob.o ./src/bsp/driver/riscv_nano/pic.o ./src/bsp/driver/riscv_nano/reg_access.o ./src/bsp/driver/riscv_nano/util.o  ./src/bsp/driver/gpio/gpio.o  ./src/bsp/reg_test.o  ./src/main.o ./src/utils.o   
Finished building target: ice40_nano.elf
 
Invoking: GNU RISC-V Cross Create Listing
riscv-none-embed-objdump --source --all-headers --demangle --line-numbers --wide "ice40_nano.elf" > "ice40_nano.lst"
Finished building: ice40_nano.lst
 
Invoking: GNU RISC-V Cross Print Size
riscv-none-embed-size --format=berkeley "ice40_nano.elf"
   text	   data	    bss	    dec	    hex	filename
   2844	     24	   3048	   5916	   171c	ice40_nano.elf
Finished building: ice40_nano.siz
 
Invoking: Lattice Multi Memory Deployment (CODE SEGMENT)
riscv-none-embed-objcopy -O binary --gap-fill 0 -j .text -j .ctors -j .dtors "ice40_nano.elf" tmp; srec_cat tmp -Binary -byte-swap 4 -DISable Header -Output "ice40_nano_Code.mem" -MEM 32
Finished building: ice40_nano_Code.mem
 
Invoking: Lattice Multi Memory Deployment (DATA SEGMENT)
riscv-none-embed-objcopy -O binary --gap-fill 0 -j .rodata -j .data -j .bss "ice40_nano.elf" tmp; srec_cat tmp -Binary -byte-swap 4 -DISable Header -Output "ice40_nano_Data.mem" -MEM 32
Finished building: ice40_nano_Data.mem
 
dump
riscv-none-embed-objdump -Dxr "ice40_nano.elf" > "ice40_nano.dump"
 
07:14:16 **** Build of configuration Debug for project ice40_nano ****
make all 
Building file: ../src/main.c
Invoking: GNU RISC-V Cross C Compiler
riscv-none-embed-gcc -march=rv32i -mabi=ilp32 -msmall-data-limit=8 -mno-save-restore -O0 -fmessage-length=0 -fsigned-char -ffunction-sections -fdata-sections  -g3 -DLSCC_STDIO_UART_APB -I"O:\src\Propel\iCE40UP\ice40_nano\ws\ice40_nano/src" -I"O:\src\Propel\iCE40UP\ice40_nano\ws\ice40_nano/src/bsp" -I"O:\src\Propel\iCE40UP\ice40_nano\ws\ice40_nano/src/bsp/driver" -I"O:\src\Propel\iCE40UP\ice40_nano\ws\ice40_nano/src/bsp/driver/gpio" -I"O:\src\Propel\iCE40UP\ice40_nano\ws\ice40_nano/src/bsp/driver/riscv_nano" -I"O:\src\Propel\iCE40UP\ice40_nano\ws\ice40_nano/src/bsp/driver/uart" -std=gnu11 --specs=picolibc.specs -DPICOLIBC_INTEGER_PRINTF_SCANF -MMD -MP -MF"src/main.d" -MT"src/main.o" -c -o "src/main.o" "../src/main.c"
Finished building: ../src/main.c
 
Building target: ice40_nano.elf
Invoking: GNU RISC-V Cross C Linker
riscv-none-embed-gcc -march=rv32i -mabi=ilp32 -msmall-data-limit=8 -mno-save-restore -O0 -fmessage-length=0 -fsigned-char -ffunction-sections -fdata-sections  -g3 -T "O:/src/Propel/iCE40UP/ice40_nano/ws/ice40_nano/src/linker.ld" -nostartfiles -Xlinker --gc-sections -Wl,-Map,"ice40_nano.map" --specs=picolibc.specs -DPICOLIBC_INTEGER_PRINTF_SCANF -o "ice40_nano.elf"  ./src/bsp/driver/uart/uart.o  ./src/bsp/driver/riscv_nano/crt0.o ./src/bsp/driver/riscv_nano/exit.o ./src/bsp/driver/riscv_nano/interrupt.o ./src/bsp/driver/riscv_nano/iob.o ./src/bsp/driver/riscv_nano/pic.o ./src/bsp/driver/riscv_nano/reg_access.o ./src/bsp/driver/riscv_nano/util.o  ./src/bsp/driver/gpio/gpio.o  ./src/bsp/reg_test.o  ./src/main.o ./src/utils.o   
Finished building target: ice40_nano.elf
 
Invoking: GNU RISC-V Cross Create Listing
riscv-none-embed-objdump --source --all-headers --demangle --line-numbers --wide "ice40_nano.elf" > "ice40_nano.lst"
Finished building: ice40_nano.lst
 
Invoking: GNU RISC-V Cross Print Size
riscv-none-embed-size --format=berkeley "ice40_nano.elf"
   text	   data	    bss	    dec	    hex	filename
   2952	     24	   3048	   6024	   1788	ice40_nano.elf
Finished building: ice40_nano.siz
 
Invoking: Lattice Multi Memory Deployment (CODE SEGMENT)
riscv-none-embed-objcopy -O binary --gap-fill 0 -j .text -j .ctors -j .dtors "ice40_nano.elf" tmp; srec_cat tmp -Binary -byte-swap 4 -DISable Header -Output "ice40_nano_Code.mem" -MEM 32
Finished building: ice40_nano_Code.mem
 
Invoking: Lattice Multi Memory Deployment (DATA SEGMENT)
riscv-none-embed-objcopy -O binary --gap-fill 0 -j .rodata -j .data -j .bss "ice40_nano.elf" tmp; srec_cat tmp -Binary -byte-swap 4 -DISable Header -Output "ice40_nano_Data.mem" -MEM 32
Finished building: ice40_nano_Data.mem
 
dump
riscv-none-embed-objdump -Dxr "ice40_nano.elf" > "ice40_nano.dump"
 
08:22:48 **** Incremental Build of configuration Debug for project ice40_nano ****
make all 
Building file: ../src/bsp/driver/uart/uart.c
Invoking: GNU RISC-V Cross C Compiler
riscv-none-embed-gcc -march=rv32i -mabi=ilp32 -msmall-data-limit=8 -mno-save-restore -O0 -fmessage-length=0 -fsigned-char -ffunction-sections -fdata-sections  -g3 -DLSCC_STDIO_UART_APB -I"O:\src\Propel\iCE40UP\ice40_nano\ws\ice40_nano/src" -I"O:\src\Propel\iCE40UP\ice40_nano\ws\ice40_nano/src/bsp" -I"O:\src\Propel\iCE40UP\ice40_nano\ws\ice40_nano/src/bsp/driver" -I"O:\src\Propel\iCE40UP\ice40_nano\ws\ice40_nano/src/bsp/driver/gpio" -I"O:\src\Propel\iCE40UP\ice40_nano\ws\ice40_nano/src/bsp/driver/riscv_nano" -I"O:\src\Propel\iCE40UP\ice40_nano\ws\ice40_nano/src/bsp/driver/uart" -std=gnu11 --specs=picolibc.specs -DPICOLIBC_INTEGER_PRINTF_SCANF -MMD -MP -MF"src/bsp/driver/uart/uart.d" -MT"src/bsp/driver/uart/uart.o" -c -o "src/bsp/driver/uart/uart.o" "../src/bsp/driver/uart/uart.c"
../src/bsp/driver/uart/uart.c: In function 'uart_init':
../src/bsp/driver/uart/uart.c:193:2: error: #endif without #if
  193 | #endif
      |  ^~~~~
make[1]: *** [src/bsp/driver/uart/subdir.mk:20: src/bsp/driver/uart/uart.o] Error 1
make: *** [makefile:60: all] Error 2
"make all" terminated with exit code 2. Build might be incomplete.
08:23:06 **** Incremental Build of configuration Debug for project ice40_nano ****
make all 
Building file: ../src/bsp/driver/uart/uart.c
Invoking: GNU RISC-V Cross C Compiler
riscv-none-embed-gcc -march=rv32i -mabi=ilp32 -msmall-data-limit=8 -mno-save-restore -O0 -fmessage-length=0 -fsigned-char -ffunction-sections -fdata-sections  -g3 -DLSCC_STDIO_UART_APB -I"O:\src\Propel\iCE40UP\ice40_nano\ws\ice40_nano/src" -I"O:\src\Propel\iCE40UP\ice40_nano\ws\ice40_nano/src/bsp" -I"O:\src\Propel\iCE40UP\ice40_nano\ws\ice40_nano/src/bsp/driver" -I"O:\src\Propel\iCE40UP\ice40_nano\ws\ice40_nano/src/bsp/driver/gpio" -I"O:\src\Propel\iCE40UP\ice40_nano\ws\ice40_nano/src/bsp/driver/riscv_nano" -I"O:\src\Propel\iCE40UP\ice40_nano\ws\ice40_nano/src/bsp/driver/uart" -std=gnu11 --specs=picolibc.specs -DPICOLIBC_INTEGER_PRINTF_SCANF -MMD -MP -MF"src/bsp/driver/uart/uart.d" -MT"src/bsp/driver/uart/uart.o" -c -o "src/bsp/driver/uart/uart.o" "../src/bsp/driver/uart/uart.c"
Finished building: ../src/bsp/driver/uart/uart.c
 
Building file: ../src/main.c
Invoking: GNU RISC-V Cross C Compiler
riscv-none-embed-gcc -march=rv32i -mabi=ilp32 -msmall-data-limit=8 -mno-save-restore -O0 -fmessage-length=0 -fsigned-char -ffunction-sections -fdata-sections  -g3 -DLSCC_STDIO_UART_APB -I"O:\src\Propel\iCE40UP\ice40_nano\ws\ice40_nano/src" -I"O:\src\Propel\iCE40UP\ice40_nano\ws\ice40_nano/src/bsp" -I"O:\src\Propel\iCE40UP\ice40_nano\ws\ice40_nano/src/bsp/driver" -I"O:\src\Propel\iCE40UP\ice40_nano\ws\ice40_nano/src/bsp/driver/gpio" -I"O:\src\Propel\iCE40UP\ice40_nano\ws\ice40_nano/src/bsp/driver/riscv_nano" -I"O:\src\Propel\iCE40UP\ice40_nano\ws\ice40_nano/src/bsp/driver/uart" -std=gnu11 --specs=picolibc.specs -DPICOLIBC_INTEGER_PRINTF_SCANF -MMD -MP -MF"src/main.d" -MT"src/main.o" -c -o "src/main.o" "../src/main.c"
Finished building: ../src/main.c
 
Building target: ice40_nano.elf
Invoking: GNU RISC-V Cross C Linker
riscv-none-embed-gcc -march=rv32i -mabi=ilp32 -msmall-data-limit=8 -mno-save-restore -O0 -fmessage-length=0 -fsigned-char -ffunction-sections -fdata-sections  -g3 -T "O:/src/Propel/iCE40UP/ice40_nano/ws/ice40_nano/src/linker.ld" -nostartfiles -Xlinker --gc-sections -Wl,-Map,"ice40_nano.map" --specs=picolibc.specs -DPICOLIBC_INTEGER_PRINTF_SCANF -o "ice40_nano.elf"  ./src/bsp/driver/uart/uart.o  ./src/bsp/driver/riscv_nano/crt0.o ./src/bsp/driver/riscv_nano/exit.o ./src/bsp/driver/riscv_nano/interrupt.o ./src/bsp/driver/riscv_nano/iob.o ./src/bsp/driver/riscv_nano/pic.o ./src/bsp/driver/riscv_nano/reg_access.o ./src/bsp/driver/riscv_nano/util.o  ./src/bsp/driver/gpio/gpio.o  ./src/bsp/reg_test.o  ./src/main.o ./src/utils.o   
Finished building target: ice40_nano.elf
 
Invoking: GNU RISC-V Cross Create Listing
riscv-none-embed-objdump --source --all-headers --demangle --line-numbers --wide "ice40_nano.elf" > "ice40_nano.lst"
Finished building: ice40_nano.lst
 
Invoking: GNU RISC-V Cross Print Size
riscv-none-embed-size --format=berkeley "ice40_nano.elf"
   text	   data	    bss	    dec	    hex	filename
   3040	     24	   3128	   6192	   1830	ice40_nano.elf
Finished building: ice40_nano.siz
 
Invoking: Lattice Multi Memory Deployment (CODE SEGMENT)
riscv-none-embed-objcopy -O binary --gap-fill 0 -j .text -j .ctors -j .dtors "ice40_nano.elf" tmp; srec_cat tmp -Binary -byte-swap 4 -DISable Header -Output "ice40_nano_Code.mem" -MEM 32
Finished building: ice40_nano_Code.mem
 
Invoking: Lattice Multi Memory Deployment (DATA SEGMENT)
riscv-none-embed-objcopy -O binary --gap-fill 0 -j .rodata -j .data -j .bss "ice40_nano.elf" tmp; srec_cat tmp -Binary -byte-swap 4 -DISable Header -Output "ice40_nano_Data.mem" -MEM 32
Finished building: ice40_nano_Data.mem
 
dump
riscv-none-embed-objdump -Dxr "ice40_nano.elf" > "ice40_nano.dump"
 
12:44:51 **** Incremental Build of configuration Debug for project ice40_nano ****
make all 
Invoking: GNU RISC-V Cross Print Size
riscv-none-embed-size --format=berkeley "ice40_nano.elf"
   text	   data	    bss	    dec	    hex	filename
   3040	     24	   3128	   6192	   1830	ice40_nano.elf
Finished building: ice40_nano.siz
 
dump
riscv-none-embed-objdump -Dxr "ice40_nano.elf" > "ice40_nano.dump"
 
13:44:32 **** Incremental Build of configuration Debug for project ice40_nano ****
make all 
Building file: ../src/bsp/driver/uart/uart.c
Invoking: GNU RISC-V Cross C Compiler
riscv-none-embed-gcc -march=rv32i -mabi=ilp32 -msmall-data-limit=8 -mno-save-restore -O0 -fmessage-length=0 -fsigned-char -ffunction-sections -fdata-sections  -g3 -DLSCC_STDIO_UART_APB -I"O:\src\Propel\iCE40UP\ice40_nano\ws\ice40_nano/src" -I"O:\src\Propel\iCE40UP\ice40_nano\ws\ice40_nano/src/bsp" -I"O:\src\Propel\iCE40UP\ice40_nano\ws\ice40_nano/src/bsp/driver" -I"O:\src\Propel\iCE40UP\ice40_nano\ws\ice40_nano/src/bsp/driver/gpio" -I"O:\src\Propel\iCE40UP\ice40_nano\ws\ice40_nano/src/bsp/driver/riscv_nano" -I"O:\src\Propel\iCE40UP\ice40_nano\ws\ice40_nano/src/bsp/driver/uart" -std=gnu11 --specs=picolibc.specs -DPICOLIBC_INTEGER_PRINTF_SCANF -MMD -MP -MF"src/bsp/driver/uart/uart.d" -MT"src/bsp/driver/uart/uart.o" -c -o "src/bsp/driver/uart/uart.o" "../src/bsp/driver/uart/uart.c"
Finished building: ../src/bsp/driver/uart/uart.c
 
Building file: ../src/main.c
Invoking: GNU RISC-V Cross C Compiler
riscv-none-embed-gcc -march=rv32i -mabi=ilp32 -msmall-data-limit=8 -mno-save-restore -O0 -fmessage-length=0 -fsigned-char -ffunction-sections -fdata-sections  -g3 -DLSCC_STDIO_UART_APB -I"O:\src\Propel\iCE40UP\ice40_nano\ws\ice40_nano/src" -I"O:\src\Propel\iCE40UP\ice40_nano\ws\ice40_nano/src/bsp" -I"O:\src\Propel\iCE40UP\ice40_nano\ws\ice40_nano/src/bsp/driver" -I"O:\src\Propel\iCE40UP\ice40_nano\ws\ice40_nano/src/bsp/driver/gpio" -I"O:\src\Propel\iCE40UP\ice40_nano\ws\ice40_nano/src/bsp/driver/riscv_nano" -I"O:\src\Propel\iCE40UP\ice40_nano\ws\ice40_nano/src/bsp/driver/uart" -std=gnu11 --specs=picolibc.specs -DPICOLIBC_INTEGER_PRINTF_SCANF -MMD -MP -MF"src/main.d" -MT"src/main.o" -c -o "src/main.o" "../src/main.c"
../src/main.c: In function 'main':
../src/main.c:130:2: warning: implicit declaration of function 'uart_puts'; did you mean 'uart_putc'? [-Wimplicit-function-declaration]
  130 |  uart_puts(&uart_core_uart, "Started!\nHello RISC-V world!\n");
      |  ^~~~~~~~~
      |  uart_putc
Finished building: ../src/main.c
 
Building target: ice40_nano.elf
Invoking: GNU RISC-V Cross C Linker
riscv-none-embed-gcc -march=rv32i -mabi=ilp32 -msmall-data-limit=8 -mno-save-restore -O0 -fmessage-length=0 -fsigned-char -ffunction-sections -fdata-sections  -g3 -T "O:/src/Propel/iCE40UP/ice40_nano/ws/ice40_nano/src/linker.ld" -nostartfiles -Xlinker --gc-sections -Wl,-Map,"ice40_nano.map" --specs=picolibc.specs -DPICOLIBC_INTEGER_PRINTF_SCANF -o "ice40_nano.elf"  ./src/bsp/driver/uart/uart.o  ./src/bsp/driver/riscv_nano/crt0.o ./src/bsp/driver/riscv_nano/exit.o ./src/bsp/driver/riscv_nano/interrupt.o ./src/bsp/driver/riscv_nano/iob.o ./src/bsp/driver/riscv_nano/pic.o ./src/bsp/driver/riscv_nano/reg_access.o ./src/bsp/driver/riscv_nano/util.o  ./src/bsp/driver/gpio/gpio.o  ./src/bsp/reg_test.o  ./src/main.o ./src/utils.o   
Finished building target: ice40_nano.elf
 
Invoking: GNU RISC-V Cross Create Listing
riscv-none-embed-objdump --source --all-headers --demangle --line-numbers --wide "ice40_nano.elf" > "ice40_nano.lst"
Finished building: ice40_nano.lst
 
Invoking: GNU RISC-V Cross Print Size
riscv-none-embed-size --format=berkeley "ice40_nano.elf"
   text	   data	    bss	    dec	    hex	filename
   3280	     24	   3128	   6432	   1920	ice40_nano.elf
Finished building: ice40_nano.siz
 
Invoking: Lattice Multi Memory Deployment (CODE SEGMENT)
riscv-none-embed-objcopy -O binary --gap-fill 0 -j .text -j .ctors -j .dtors "ice40_nano.elf" tmp; srec_cat tmp -Binary -byte-swap 4 -DISable Header -Output "ice40_nano_Code.mem" -MEM 32
Finished building: ice40_nano_Code.mem
 
Invoking: Lattice Multi Memory Deployment (DATA SEGMENT)
riscv-none-embed-objcopy -O binary --gap-fill 0 -j .rodata -j .data -j .bss "ice40_nano.elf" tmp; srec_cat tmp -Binary -byte-swap 4 -DISable Header -Output "ice40_nano_Data.mem" -MEM 32
Finished building: ice40_nano_Data.mem
 
dump
riscv-none-embed-objdump -Dxr "ice40_nano.elf" > "ice40_nano.dump"
 
14:42:41 **** Incremental Build of configuration Debug for project ice40_nano ****
make all 
Invoking: GNU RISC-V Cross Print Size
riscv-none-embed-size --format=berkeley "ice40_nano.elf"
   text	   data	    bss	    dec	    hex	filename
   3280	     24	   3128	   6432	   1920	ice40_nano.elf
Finished building: ice40_nano.siz
 
dump
riscv-none-embed-objdump -Dxr "ice40_nano.elf" > "ice40_nano.dump"
 
15:09:27 **** Incremental Build of configuration Debug for project ice40_nano ****
make all 
Invoking: GNU RISC-V Cross Print Size
riscv-none-embed-size --format=berkeley "ice40_nano.elf"
   text	   data	    bss	    dec	    hex	filename
   3280	     24	   3128	   6432	   1920	ice40_nano.elf
Finished building: ice40_nano.siz
 
dump
riscv-none-embed-objdump -Dxr "ice40_nano.elf" > "ice40_nano.dump"
 
15:57:23 **** Clean-only build of configuration Debug for project ice40_nano ****
make clean 
rm -rf  ice40_nano_Data.mem  ice40_nano_Code.mem  ./src/bsp/driver/uart/uart.o  ./src/bsp/driver/riscv_nano/crt0.o ./src/bsp/driver/riscv_nano/exit.o ./src/bsp/driver/riscv_nano/interrupt.o ./src/bsp/driver/riscv_nano/iob.o ./src/bsp/driver/riscv_nano/pic.o ./src/bsp/driver/riscv_nano/reg_access.o ./src/bsp/driver/riscv_nano/util.o  ./src/bsp/driver/gpio/gpio.o  ./src/bsp/reg_test.o  ./src/main.o ./src/utils.o  ice40_nano.lst  ice40_nano.siz  ./src/bsp/driver/riscv_nano/crt0.d  ./src/bsp/driver/uart/uart.d  ./src/bsp/driver/riscv_nano/exit.d ./src/bsp/driver/riscv_nano/interrupt.d ./src/bsp/driver/riscv_nano/iob.d ./src/bsp/driver/riscv_nano/pic.d ./src/bsp/driver/riscv_nano/reg_access.d ./src/bsp/driver/riscv_nano/util.d  ./src/bsp/driver/gpio/gpio.d  ./src/bsp/reg_test.d  ./src/main.d ./src/utils.d  ice40_nano.elf
 
15:57:23 **** Build of configuration Debug for project ice40_nano ****
make all 
Building file: ../src/bsp/driver/uart/uart.c
Invoking: GNU RISC-V Cross C Compiler
riscv-none-embed-gcc -march=rv32i -mabi=ilp32 -msmall-data-limit=8 -mno-save-restore -O0 -fmessage-length=0 -fsigned-char -ffunction-sections -fdata-sections  -g3 -DLSCC_STDIO_UART_APB -I"O:\src\Propel\iCE40UP\ice40_nano\ws\ice40_nano/src" -I"O:\src\Propel\iCE40UP\ice40_nano\ws\ice40_nano/src/bsp" -I"O:\src\Propel\iCE40UP\ice40_nano\ws\ice40_nano/src/bsp/driver" -I"O:\src\Propel\iCE40UP\ice40_nano\ws\ice40_nano/src/bsp/driver/gpio" -I"O:\src\Propel\iCE40UP\ice40_nano\ws\ice40_nano/src/bsp/driver/riscv_nano" -I"O:\src\Propel\iCE40UP\ice40_nano\ws\ice40_nano/src/bsp/driver/uart" -std=gnu11 --specs=picolibc.specs -DPICOLIBC_INTEGER_PRINTF_SCANF -MMD -MP -MF"src/bsp/driver/uart/uart.d" -MT"src/bsp/driver/uart/uart.o" -c -o "src/bsp/driver/uart/uart.o" "../src/bsp/driver/uart/uart.c"
Finished building: ../src/bsp/driver/uart/uart.c
 
Building file: ../src/bsp/driver/riscv_nano/crt0.S
Invoking: GNU RISC-V Cross Assembler
riscv-none-embed-gcc -march=rv32i -mabi=ilp32 -msmall-data-limit=8 -mno-save-restore -O0 -fmessage-length=0 -fsigned-char -ffunction-sections -fdata-sections  -g3 -x assembler-with-cpp -MMD -MP -MF"src/bsp/driver/riscv_nano/crt0.d" -MT"src/bsp/driver/riscv_nano/crt0.o" -c -o "src/bsp/driver/riscv_nano/crt0.o" "../src/bsp/driver/riscv_nano/crt0.S"
Finished building: ../src/bsp/driver/riscv_nano/crt0.S
 
Building file: ../src/bsp/driver/riscv_nano/exit.c
Invoking: GNU RISC-V Cross C Compiler
riscv-none-embed-gcc -march=rv32i -mabi=ilp32 -msmall-data-limit=8 -mno-save-restore -O0 -fmessage-length=0 -fsigned-char -ffunction-sections -fdata-sections  -g3 -DLSCC_STDIO_UART_APB -I"O:\src\Propel\iCE40UP\ice40_nano\ws\ice40_nano/src" -I"O:\src\Propel\iCE40UP\ice40_nano\ws\ice40_nano/src/bsp" -I"O:\src\Propel\iCE40UP\ice40_nano\ws\ice40_nano/src/bsp/driver" -I"O:\src\Propel\iCE40UP\ice40_nano\ws\ice40_nano/src/bsp/driver/gpio" -I"O:\src\Propel\iCE40UP\ice40_nano\ws\ice40_nano/src/bsp/driver/riscv_nano" -I"O:\src\Propel\iCE40UP\ice40_nano\ws\ice40_nano/src/bsp/driver/uart" -std=gnu11 --specs=picolibc.specs -DPICOLIBC_INTEGER_PRINTF_SCANF -MMD -MP -MF"src/bsp/driver/riscv_nano/exit.d" -MT"src/bsp/driver/riscv_nano/exit.o" -c -o "src/bsp/driver/riscv_nano/exit.o" "../src/bsp/driver/riscv_nano/exit.c"
Finished building: ../src/bsp/driver/riscv_nano/exit.c
 
Building file: ../src/bsp/driver/riscv_nano/interrupt.c
Invoking: GNU RISC-V Cross C Compiler
riscv-none-embed-gcc -march=rv32i -mabi=ilp32 -msmall-data-limit=8 -mno-save-restore -O0 -fmessage-length=0 -fsigned-char -ffunction-sections -fdata-sections  -g3 -DLSCC_STDIO_UART_APB -I"O:\src\Propel\iCE40UP\ice40_nano\ws\ice40_nano/src" -I"O:\src\Propel\iCE40UP\ice40_nano\ws\ice40_nano/src/bsp" -I"O:\src\Propel\iCE40UP\ice40_nano\ws\ice40_nano/src/bsp/driver" -I"O:\src\Propel\iCE40UP\ice40_nano\ws\ice40_nano/src/bsp/driver/gpio" -I"O:\src\Propel\iCE40UP\ice40_nano\ws\ice40_nano/src/bsp/driver/riscv_nano" -I"O:\src\Propel\iCE40UP\ice40_nano\ws\ice40_nano/src/bsp/driver/uart" -std=gnu11 --specs=picolibc.specs -DPICOLIBC_INTEGER_PRINTF_SCANF -MMD -MP -MF"src/bsp/driver/riscv_nano/interrupt.d" -MT"src/bsp/driver/riscv_nano/interrupt.o" -c -o "src/bsp/driver/riscv_nano/interrupt.o" "../src/bsp/driver/riscv_nano/interrupt.c"
Finished building: ../src/bsp/driver/riscv_nano/interrupt.c
 
Building file: ../src/bsp/driver/riscv_nano/iob.c
Invoking: GNU RISC-V Cross C Compiler
riscv-none-embed-gcc -march=rv32i -mabi=ilp32 -msmall-data-limit=8 -mno-save-restore -O0 -fmessage-length=0 -fsigned-char -ffunction-sections -fdata-sections  -g3 -DLSCC_STDIO_UART_APB -I"O:\src\Propel\iCE40UP\ice40_nano\ws\ice40_nano/src" -I"O:\src\Propel\iCE40UP\ice40_nano\ws\ice40_nano/src/bsp" -I"O:\src\Propel\iCE40UP\ice40_nano\ws\ice40_nano/src/bsp/driver" -I"O:\src\Propel\iCE40UP\ice40_nano\ws\ice40_nano/src/bsp/driver/gpio" -I"O:\src\Propel\iCE40UP\ice40_nano\ws\ice40_nano/src/bsp/driver/riscv_nano" -I"O:\src\Propel\iCE40UP\ice40_nano\ws\ice40_nano/src/bsp/driver/uart" -std=gnu11 --specs=picolibc.specs -DPICOLIBC_INTEGER_PRINTF_SCANF -MMD -MP -MF"src/bsp/driver/riscv_nano/iob.d" -MT"src/bsp/driver/riscv_nano/iob.o" -c -o "src/bsp/driver/riscv_nano/iob.o" "../src/bsp/driver/riscv_nano/iob.c"
Finished building: ../src/bsp/driver/riscv_nano/iob.c
 
Building file: ../src/bsp/driver/riscv_nano/pic.c
Invoking: GNU RISC-V Cross C Compiler
riscv-none-embed-gcc -march=rv32i -mabi=ilp32 -msmall-data-limit=8 -mno-save-restore -O0 -fmessage-length=0 -fsigned-char -ffunction-sections -fdata-sections  -g3 -DLSCC_STDIO_UART_APB -I"O:\src\Propel\iCE40UP\ice40_nano\ws\ice40_nano/src" -I"O:\src\Propel\iCE40UP\ice40_nano\ws\ice40_nano/src/bsp" -I"O:\src\Propel\iCE40UP\ice40_nano\ws\ice40_nano/src/bsp/driver" -I"O:\src\Propel\iCE40UP\ice40_nano\ws\ice40_nano/src/bsp/driver/gpio" -I"O:\src\Propel\iCE40UP\ice40_nano\ws\ice40_nano/src/bsp/driver/riscv_nano" -I"O:\src\Propel\iCE40UP\ice40_nano\ws\ice40_nano/src/bsp/driver/uart" -std=gnu11 --specs=picolibc.specs -DPICOLIBC_INTEGER_PRINTF_SCANF -MMD -MP -MF"src/bsp/driver/riscv_nano/pic.d" -MT"src/bsp/driver/riscv_nano/pic.o" -c -o "src/bsp/driver/riscv_nano/pic.o" "../src/bsp/driver/riscv_nano/pic.c"
Finished building: ../src/bsp/driver/riscv_nano/pic.c
 
Building file: ../src/bsp/driver/riscv_nano/reg_access.c
Invoking: GNU RISC-V Cross C Compiler
riscv-none-embed-gcc -march=rv32i -mabi=ilp32 -msmall-data-limit=8 -mno-save-restore -O0 -fmessage-length=0 -fsigned-char -ffunction-sections -fdata-sections  -g3 -DLSCC_STDIO_UART_APB -I"O:\src\Propel\iCE40UP\ice40_nano\ws\ice40_nano/src" -I"O:\src\Propel\iCE40UP\ice40_nano\ws\ice40_nano/src/bsp" -I"O:\src\Propel\iCE40UP\ice40_nano\ws\ice40_nano/src/bsp/driver" -I"O:\src\Propel\iCE40UP\ice40_nano\ws\ice40_nano/src/bsp/driver/gpio" -I"O:\src\Propel\iCE40UP\ice40_nano\ws\ice40_nano/src/bsp/driver/riscv_nano" -I"O:\src\Propel\iCE40UP\ice40_nano\ws\ice40_nano/src/bsp/driver/uart" -std=gnu11 --specs=picolibc.specs -DPICOLIBC_INTEGER_PRINTF_SCANF -MMD -MP -MF"src/bsp/driver/riscv_nano/reg_access.d" -MT"src/bsp/driver/riscv_nano/reg_access.o" -c -o "src/bsp/driver/riscv_nano/reg_access.o" "../src/bsp/driver/riscv_nano/reg_access.c"
Finished building: ../src/bsp/driver/riscv_nano/reg_access.c
 
Building file: ../src/bsp/driver/riscv_nano/util.c
Invoking: GNU RISC-V Cross C Compiler
riscv-none-embed-gcc -march=rv32i -mabi=ilp32 -msmall-data-limit=8 -mno-save-restore -O0 -fmessage-length=0 -fsigned-char -ffunction-sections -fdata-sections  -g3 -DLSCC_STDIO_UART_APB -I"O:\src\Propel\iCE40UP\ice40_nano\ws\ice40_nano/src" -I"O:\src\Propel\iCE40UP\ice40_nano\ws\ice40_nano/src/bsp" -I"O:\src\Propel\iCE40UP\ice40_nano\ws\ice40_nano/src/bsp/driver" -I"O:\src\Propel\iCE40UP\ice40_nano\ws\ice40_nano/src/bsp/driver/gpio" -I"O:\src\Propel\iCE40UP\ice40_nano\ws\ice40_nano/src/bsp/driver/riscv_nano" -I"O:\src\Propel\iCE40UP\ice40_nano\ws\ice40_nano/src/bsp/driver/uart" -std=gnu11 --specs=picolibc.specs -DPICOLIBC_INTEGER_PRINTF_SCANF -MMD -MP -MF"src/bsp/driver/riscv_nano/util.d" -MT"src/bsp/driver/riscv_nano/util.o" -c -o "src/bsp/driver/riscv_nano/util.o" "../src/bsp/driver/riscv_nano/util.c"
Finished building: ../src/bsp/driver/riscv_nano/util.c
 
Building file: ../src/bsp/driver/gpio/gpio.c
Invoking: GNU RISC-V Cross C Compiler
riscv-none-embed-gcc -march=rv32i -mabi=ilp32 -msmall-data-limit=8 -mno-save-restore -O0 -fmessage-length=0 -fsigned-char -ffunction-sections -fdata-sections  -g3 -DLSCC_STDIO_UART_APB -I"O:\src\Propel\iCE40UP\ice40_nano\ws\ice40_nano/src" -I"O:\src\Propel\iCE40UP\ice40_nano\ws\ice40_nano/src/bsp" -I"O:\src\Propel\iCE40UP\ice40_nano\ws\ice40_nano/src/bsp/driver" -I"O:\src\Propel\iCE40UP\ice40_nano\ws\ice40_nano/src/bsp/driver/gpio" -I"O:\src\Propel\iCE40UP\ice40_nano\ws\ice40_nano/src/bsp/driver/riscv_nano" -I"O:\src\Propel\iCE40UP\ice40_nano\ws\ice40_nano/src/bsp/driver/uart" -std=gnu11 --specs=picolibc.specs -DPICOLIBC_INTEGER_PRINTF_SCANF -MMD -MP -MF"src/bsp/driver/gpio/gpio.d" -MT"src/bsp/driver/gpio/gpio.o" -c -o "src/bsp/driver/gpio/gpio.o" "../src/bsp/driver/gpio/gpio.c"
Finished building: ../src/bsp/driver/gpio/gpio.c
 
Building file: ../src/bsp/reg_test.c
Invoking: GNU RISC-V Cross C Compiler
riscv-none-embed-gcc -march=rv32i -mabi=ilp32 -msmall-data-limit=8 -mno-save-restore -O0 -fmessage-length=0 -fsigned-char -ffunction-sections -fdata-sections  -g3 -DLSCC_STDIO_UART_APB -I"O:\src\Propel\iCE40UP\ice40_nano\ws\ice40_nano/src" -I"O:\src\Propel\iCE40UP\ice40_nano\ws\ice40_nano/src/bsp" -I"O:\src\Propel\iCE40UP\ice40_nano\ws\ice40_nano/src/bsp/driver" -I"O:\src\Propel\iCE40UP\ice40_nano\ws\ice40_nano/src/bsp/driver/gpio" -I"O:\src\Propel\iCE40UP\ice40_nano\ws\ice40_nano/src/bsp/driver/riscv_nano" -I"O:\src\Propel\iCE40UP\ice40_nano\ws\ice40_nano/src/bsp/driver/uart" -std=gnu11 --specs=picolibc.specs -DPICOLIBC_INTEGER_PRINTF_SCANF -MMD -MP -MF"src/bsp/reg_test.d" -MT"src/bsp/reg_test.o" -c -o "src/bsp/reg_test.o" "../src/bsp/reg_test.c"
Finished building: ../src/bsp/reg_test.c
 
Building file: ../src/main.c
Invoking: GNU RISC-V Cross C Compiler
riscv-none-embed-gcc -march=rv32i -mabi=ilp32 -msmall-data-limit=8 -mno-save-restore -O0 -fmessage-length=0 -fsigned-char -ffunction-sections -fdata-sections  -g3 -DLSCC_STDIO_UART_APB -I"O:\src\Propel\iCE40UP\ice40_nano\ws\ice40_nano/src" -I"O:\src\Propel\iCE40UP\ice40_nano\ws\ice40_nano/src/bsp" -I"O:\src\Propel\iCE40UP\ice40_nano\ws\ice40_nano/src/bsp/driver" -I"O:\src\Propel\iCE40UP\ice40_nano\ws\ice40_nano/src/bsp/driver/gpio" -I"O:\src\Propel\iCE40UP\ice40_nano\ws\ice40_nano/src/bsp/driver/riscv_nano" -I"O:\src\Propel\iCE40UP\ice40_nano\ws\ice40_nano/src/bsp/driver/uart" -std=gnu11 --specs=picolibc.specs -DPICOLIBC_INTEGER_PRINTF_SCANF -MMD -MP -MF"src/main.d" -MT"src/main.o" -c -o "src/main.o" "../src/main.c"
../src/main.c: In function 'main':
../src/main.c:130:2: warning: implicit declaration of function 'uart_puts'; did you mean 'uart_putc'? [-Wimplicit-function-declaration]
  130 |  uart_puts(&uart_core_uart, "Started!\nHello RISC-V world!\n");
      |  ^~~~~~~~~
      |  uart_putc
Finished building: ../src/main.c
 
Building file: ../src/utils.c
Invoking: GNU RISC-V Cross C Compiler
riscv-none-embed-gcc -march=rv32i -mabi=ilp32 -msmall-data-limit=8 -mno-save-restore -O0 -fmessage-length=0 -fsigned-char -ffunction-sections -fdata-sections  -g3 -DLSCC_STDIO_UART_APB -I"O:\src\Propel\iCE40UP\ice40_nano\ws\ice40_nano/src" -I"O:\src\Propel\iCE40UP\ice40_nano\ws\ice40_nano/src/bsp" -I"O:\src\Propel\iCE40UP\ice40_nano\ws\ice40_nano/src/bsp/driver" -I"O:\src\Propel\iCE40UP\ice40_nano\ws\ice40_nano/src/bsp/driver/gpio" -I"O:\src\Propel\iCE40UP\ice40_nano\ws\ice40_nano/src/bsp/driver/riscv_nano" -I"O:\src\Propel\iCE40UP\ice40_nano\ws\ice40_nano/src/bsp/driver/uart" -std=gnu11 --specs=picolibc.specs -DPICOLIBC_INTEGER_PRINTF_SCANF -MMD -MP -MF"src/utils.d" -MT"src/utils.o" -c -o "src/utils.o" "../src/utils.c"
Finished building: ../src/utils.c
 
Building target: ice40_nano.elf
Invoking: GNU RISC-V Cross C Linker
riscv-none-embed-gcc -march=rv32i -mabi=ilp32 -msmall-data-limit=8 -mno-save-restore -O0 -fmessage-length=0 -fsigned-char -ffunction-sections -fdata-sections  -g3 -T "O:/src/Propel/iCE40UP/ice40_nano/ws/ice40_nano/src/linker.ld" -nostartfiles -Xlinker --gc-sections -Wl,-Map,"ice40_nano.map" --specs=picolibc.specs -DPICOLIBC_INTEGER_PRINTF_SCANF -o "ice40_nano.elf"  ./src/bsp/driver/uart/uart.o  ./src/bsp/driver/riscv_nano/crt0.o ./src/bsp/driver/riscv_nano/exit.o ./src/bsp/driver/riscv_nano/interrupt.o ./src/bsp/driver/riscv_nano/iob.o ./src/bsp/driver/riscv_nano/pic.o ./src/bsp/driver/riscv_nano/reg_access.o ./src/bsp/driver/riscv_nano/util.o  ./src/bsp/driver/gpio/gpio.o  ./src/bsp/reg_test.o  ./src/main.o ./src/utils.o   
Finished building target: ice40_nano.elf
 
Invoking: GNU RISC-V Cross Create Listing
riscv-none-embed-objdump --source --all-headers --demangle --line-numbers --wide "ice40_nano.elf" > "ice40_nano.lst"
Finished building: ice40_nano.lst
 
Invoking: GNU RISC-V Cross Print Size
riscv-none-embed-size --format=berkeley "ice40_nano.elf"
   text	   data	    bss	    dec	    hex	filename
   3280	     24	   3128	   6432	   1920	ice40_nano.elf
Finished building: ice40_nano.siz
 
Invoking: Lattice Multi Memory Deployment (CODE SEGMENT)
riscv-none-embed-objcopy -O binary --gap-fill 0 -j .text -j .ctors -j .dtors "ice40_nano.elf" tmp; srec_cat tmp -Binary -byte-swap 4 -DISable Header -Output "ice40_nano_Code.mem" -MEM 32
Finished building: ice40_nano_Code.mem
 
Invoking: Lattice Multi Memory Deployment (DATA SEGMENT)
riscv-none-embed-objcopy -O binary --gap-fill 0 -j .rodata -j .data -j .bss "ice40_nano.elf" tmp; srec_cat tmp -Binary -byte-swap 4 -DISable Header -Output "ice40_nano_Data.mem" -MEM 32
Finished building: ice40_nano_Data.mem
 
dump
riscv-none-embed-objdump -Dxr "ice40_nano.elf" > "ice40_nano.dump"
 
15:57:46 **** Clean-only build of configuration Debug for project ice40_nano ****
make clean 
rm -rf  ice40_nano_Data.mem  ice40_nano_Code.mem  ./src/bsp/driver/uart/uart.o  ./src/bsp/driver/riscv_nano/crt0.o ./src/bsp/driver/riscv_nano/exit.o ./src/bsp/driver/riscv_nano/interrupt.o ./src/bsp/driver/riscv_nano/iob.o ./src/bsp/driver/riscv_nano/pic.o ./src/bsp/driver/riscv_nano/reg_access.o ./src/bsp/driver/riscv_nano/util.o  ./src/bsp/driver/gpio/gpio.o  ./src/bsp/reg_test.o  ./src/main.o ./src/utils.o  ice40_nano.lst  ice40_nano.siz  ./src/bsp/driver/riscv_nano/crt0.d  ./src/bsp/driver/uart/uart.d  ./src/bsp/driver/riscv_nano/exit.d ./src/bsp/driver/riscv_nano/interrupt.d ./src/bsp/driver/riscv_nano/iob.d ./src/bsp/driver/riscv_nano/pic.d ./src/bsp/driver/riscv_nano/reg_access.d ./src/bsp/driver/riscv_nano/util.d  ./src/bsp/driver/gpio/gpio.d  ./src/bsp/reg_test.d  ./src/main.d ./src/utils.d  ice40_nano.elf
 
15:57:53 **** Build of configuration Debug for project ice40_nano ****
make all 
Building file: ../src/bsp/driver/uart/uart.c
Invoking: GNU RISC-V Cross C Compiler
riscv-none-embed-gcc -march=rv32i -mabi=ilp32 -msmall-data-limit=8 -mno-save-restore -O0 -fmessage-length=0 -fsigned-char -ffunction-sections -fdata-sections  -g3 -DLSCC_STDIO_UART_APB -I"O:\src\Propel\iCE40UP\ice40_nano\ws\ice40_nano/src" -I"O:\src\Propel\iCE40UP\ice40_nano\ws\ice40_nano/src/bsp" -I"O:\src\Propel\iCE40UP\ice40_nano\ws\ice40_nano/src/bsp/driver" -I"O:\src\Propel\iCE40UP\ice40_nano\ws\ice40_nano/src/bsp/driver/gpio" -I"O:\src\Propel\iCE40UP\ice40_nano\ws\ice40_nano/src/bsp/driver/riscv_nano" -I"O:\src\Propel\iCE40UP\ice40_nano\ws\ice40_nano/src/bsp/driver/uart" -std=gnu11 --specs=picolibc.specs -DPICOLIBC_INTEGER_PRINTF_SCANF -MMD -MP -MF"src/bsp/driver/uart/uart.d" -MT"src/bsp/driver/uart/uart.o" -c -o "src/bsp/driver/uart/uart.o" "../src/bsp/driver/uart/uart.c"
Finished building: ../src/bsp/driver/uart/uart.c
 
Building file: ../src/bsp/driver/riscv_nano/crt0.S
Invoking: GNU RISC-V Cross Assembler
riscv-none-embed-gcc -march=rv32i -mabi=ilp32 -msmall-data-limit=8 -mno-save-restore -O0 -fmessage-length=0 -fsigned-char -ffunction-sections -fdata-sections  -g3 -x assembler-with-cpp -MMD -MP -MF"src/bsp/driver/riscv_nano/crt0.d" -MT"src/bsp/driver/riscv_nano/crt0.o" -c -o "src/bsp/driver/riscv_nano/crt0.o" "../src/bsp/driver/riscv_nano/crt0.S"
Finished building: ../src/bsp/driver/riscv_nano/crt0.S
 
Building file: ../src/bsp/driver/riscv_nano/exit.c
Invoking: GNU RISC-V Cross C Compiler
riscv-none-embed-gcc -march=rv32i -mabi=ilp32 -msmall-data-limit=8 -mno-save-restore -O0 -fmessage-length=0 -fsigned-char -ffunction-sections -fdata-sections  -g3 -DLSCC_STDIO_UART_APB -I"O:\src\Propel\iCE40UP\ice40_nano\ws\ice40_nano/src" -I"O:\src\Propel\iCE40UP\ice40_nano\ws\ice40_nano/src/bsp" -I"O:\src\Propel\iCE40UP\ice40_nano\ws\ice40_nano/src/bsp/driver" -I"O:\src\Propel\iCE40UP\ice40_nano\ws\ice40_nano/src/bsp/driver/gpio" -I"O:\src\Propel\iCE40UP\ice40_nano\ws\ice40_nano/src/bsp/driver/riscv_nano" -I"O:\src\Propel\iCE40UP\ice40_nano\ws\ice40_nano/src/bsp/driver/uart" -std=gnu11 --specs=picolibc.specs -DPICOLIBC_INTEGER_PRINTF_SCANF -MMD -MP -MF"src/bsp/driver/riscv_nano/exit.d" -MT"src/bsp/driver/riscv_nano/exit.o" -c -o "src/bsp/driver/riscv_nano/exit.o" "../src/bsp/driver/riscv_nano/exit.c"
Finished building: ../src/bsp/driver/riscv_nano/exit.c
 
Building file: ../src/bsp/driver/riscv_nano/interrupt.c
Invoking: GNU RISC-V Cross C Compiler
riscv-none-embed-gcc -march=rv32i -mabi=ilp32 -msmall-data-limit=8 -mno-save-restore -O0 -fmessage-length=0 -fsigned-char -ffunction-sections -fdata-sections  -g3 -DLSCC_STDIO_UART_APB -I"O:\src\Propel\iCE40UP\ice40_nano\ws\ice40_nano/src" -I"O:\src\Propel\iCE40UP\ice40_nano\ws\ice40_nano/src/bsp" -I"O:\src\Propel\iCE40UP\ice40_nano\ws\ice40_nano/src/bsp/driver" -I"O:\src\Propel\iCE40UP\ice40_nano\ws\ice40_nano/src/bsp/driver/gpio" -I"O:\src\Propel\iCE40UP\ice40_nano\ws\ice40_nano/src/bsp/driver/riscv_nano" -I"O:\src\Propel\iCE40UP\ice40_nano\ws\ice40_nano/src/bsp/driver/uart" -std=gnu11 --specs=picolibc.specs -DPICOLIBC_INTEGER_PRINTF_SCANF -MMD -MP -MF"src/bsp/driver/riscv_nano/interrupt.d" -MT"src/bsp/driver/riscv_nano/interrupt.o" -c -o "src/bsp/driver/riscv_nano/interrupt.o" "../src/bsp/driver/riscv_nano/interrupt.c"
Finished building: ../src/bsp/driver/riscv_nano/interrupt.c
 
Building file: ../src/bsp/driver/riscv_nano/iob.c
Invoking: GNU RISC-V Cross C Compiler
riscv-none-embed-gcc -march=rv32i -mabi=ilp32 -msmall-data-limit=8 -mno-save-restore -O0 -fmessage-length=0 -fsigned-char -ffunction-sections -fdata-sections  -g3 -DLSCC_STDIO_UART_APB -I"O:\src\Propel\iCE40UP\ice40_nano\ws\ice40_nano/src" -I"O:\src\Propel\iCE40UP\ice40_nano\ws\ice40_nano/src/bsp" -I"O:\src\Propel\iCE40UP\ice40_nano\ws\ice40_nano/src/bsp/driver" -I"O:\src\Propel\iCE40UP\ice40_nano\ws\ice40_nano/src/bsp/driver/gpio" -I"O:\src\Propel\iCE40UP\ice40_nano\ws\ice40_nano/src/bsp/driver/riscv_nano" -I"O:\src\Propel\iCE40UP\ice40_nano\ws\ice40_nano/src/bsp/driver/uart" -std=gnu11 --specs=picolibc.specs -DPICOLIBC_INTEGER_PRINTF_SCANF -MMD -MP -MF"src/bsp/driver/riscv_nano/iob.d" -MT"src/bsp/driver/riscv_nano/iob.o" -c -o "src/bsp/driver/riscv_nano/iob.o" "../src/bsp/driver/riscv_nano/iob.c"
Finished building: ../src/bsp/driver/riscv_nano/iob.c
 
Building file: ../src/bsp/driver/riscv_nano/pic.c
Invoking: GNU RISC-V Cross C Compiler
riscv-none-embed-gcc -march=rv32i -mabi=ilp32 -msmall-data-limit=8 -mno-save-restore -O0 -fmessage-length=0 -fsigned-char -ffunction-sections -fdata-sections  -g3 -DLSCC_STDIO_UART_APB -I"O:\src\Propel\iCE40UP\ice40_nano\ws\ice40_nano/src" -I"O:\src\Propel\iCE40UP\ice40_nano\ws\ice40_nano/src/bsp" -I"O:\src\Propel\iCE40UP\ice40_nano\ws\ice40_nano/src/bsp/driver" -I"O:\src\Propel\iCE40UP\ice40_nano\ws\ice40_nano/src/bsp/driver/gpio" -I"O:\src\Propel\iCE40UP\ice40_nano\ws\ice40_nano/src/bsp/driver/riscv_nano" -I"O:\src\Propel\iCE40UP\ice40_nano\ws\ice40_nano/src/bsp/driver/uart" -std=gnu11 --specs=picolibc.specs -DPICOLIBC_INTEGER_PRINTF_SCANF -MMD -MP -MF"src/bsp/driver/riscv_nano/pic.d" -MT"src/bsp/driver/riscv_nano/pic.o" -c -o "src/bsp/driver/riscv_nano/pic.o" "../src/bsp/driver/riscv_nano/pic.c"
Finished building: ../src/bsp/driver/riscv_nano/pic.c
 
Building file: ../src/bsp/driver/riscv_nano/reg_access.c
Invoking: GNU RISC-V Cross C Compiler
riscv-none-embed-gcc -march=rv32i -mabi=ilp32 -msmall-data-limit=8 -mno-save-restore -O0 -fmessage-length=0 -fsigned-char -ffunction-sections -fdata-sections  -g3 -DLSCC_STDIO_UART_APB -I"O:\src\Propel\iCE40UP\ice40_nano\ws\ice40_nano/src" -I"O:\src\Propel\iCE40UP\ice40_nano\ws\ice40_nano/src/bsp" -I"O:\src\Propel\iCE40UP\ice40_nano\ws\ice40_nano/src/bsp/driver" -I"O:\src\Propel\iCE40UP\ice40_nano\ws\ice40_nano/src/bsp/driver/gpio" -I"O:\src\Propel\iCE40UP\ice40_nano\ws\ice40_nano/src/bsp/driver/riscv_nano" -I"O:\src\Propel\iCE40UP\ice40_nano\ws\ice40_nano/src/bsp/driver/uart" -std=gnu11 --specs=picolibc.specs -DPICOLIBC_INTEGER_PRINTF_SCANF -MMD -MP -MF"src/bsp/driver/riscv_nano/reg_access.d" -MT"src/bsp/driver/riscv_nano/reg_access.o" -c -o "src/bsp/driver/riscv_nano/reg_access.o" "../src/bsp/driver/riscv_nano/reg_access.c"
Finished building: ../src/bsp/driver/riscv_nano/reg_access.c
 
Building file: ../src/bsp/driver/riscv_nano/util.c
Invoking: GNU RISC-V Cross C Compiler
riscv-none-embed-gcc -march=rv32i -mabi=ilp32 -msmall-data-limit=8 -mno-save-restore -O0 -fmessage-length=0 -fsigned-char -ffunction-sections -fdata-sections  -g3 -DLSCC_STDIO_UART_APB -I"O:\src\Propel\iCE40UP\ice40_nano\ws\ice40_nano/src" -I"O:\src\Propel\iCE40UP\ice40_nano\ws\ice40_nano/src/bsp" -I"O:\src\Propel\iCE40UP\ice40_nano\ws\ice40_nano/src/bsp/driver" -I"O:\src\Propel\iCE40UP\ice40_nano\ws\ice40_nano/src/bsp/driver/gpio" -I"O:\src\Propel\iCE40UP\ice40_nano\ws\ice40_nano/src/bsp/driver/riscv_nano" -I"O:\src\Propel\iCE40UP\ice40_nano\ws\ice40_nano/src/bsp/driver/uart" -std=gnu11 --specs=picolibc.specs -DPICOLIBC_INTEGER_PRINTF_SCANF -MMD -MP -MF"src/bsp/driver/riscv_nano/util.d" -MT"src/bsp/driver/riscv_nano/util.o" -c -o "src/bsp/driver/riscv_nano/util.o" "../src/bsp/driver/riscv_nano/util.c"
Finished building: ../src/bsp/driver/riscv_nano/util.c
 
Building file: ../src/bsp/driver/gpio/gpio.c
Invoking: GNU RISC-V Cross C Compiler
riscv-none-embed-gcc -march=rv32i -mabi=ilp32 -msmall-data-limit=8 -mno-save-restore -O0 -fmessage-length=0 -fsigned-char -ffunction-sections -fdata-sections  -g3 -DLSCC_STDIO_UART_APB -I"O:\src\Propel\iCE40UP\ice40_nano\ws\ice40_nano/src" -I"O:\src\Propel\iCE40UP\ice40_nano\ws\ice40_nano/src/bsp" -I"O:\src\Propel\iCE40UP\ice40_nano\ws\ice40_nano/src/bsp/driver" -I"O:\src\Propel\iCE40UP\ice40_nano\ws\ice40_nano/src/bsp/driver/gpio" -I"O:\src\Propel\iCE40UP\ice40_nano\ws\ice40_nano/src/bsp/driver/riscv_nano" -I"O:\src\Propel\iCE40UP\ice40_nano\ws\ice40_nano/src/bsp/driver/uart" -std=gnu11 --specs=picolibc.specs -DPICOLIBC_INTEGER_PRINTF_SCANF -MMD -MP -MF"src/bsp/driver/gpio/gpio.d" -MT"src/bsp/driver/gpio/gpio.o" -c -o "src/bsp/driver/gpio/gpio.o" "../src/bsp/driver/gpio/gpio.c"
Finished building: ../src/bsp/driver/gpio/gpio.c
 
Building file: ../src/bsp/reg_test.c
Invoking: GNU RISC-V Cross C Compiler
riscv-none-embed-gcc -march=rv32i -mabi=ilp32 -msmall-data-limit=8 -mno-save-restore -O0 -fmessage-length=0 -fsigned-char -ffunction-sections -fdata-sections  -g3 -DLSCC_STDIO_UART_APB -I"O:\src\Propel\iCE40UP\ice40_nano\ws\ice40_nano/src" -I"O:\src\Propel\iCE40UP\ice40_nano\ws\ice40_nano/src/bsp" -I"O:\src\Propel\iCE40UP\ice40_nano\ws\ice40_nano/src/bsp/driver" -I"O:\src\Propel\iCE40UP\ice40_nano\ws\ice40_nano/src/bsp/driver/gpio" -I"O:\src\Propel\iCE40UP\ice40_nano\ws\ice40_nano/src/bsp/driver/riscv_nano" -I"O:\src\Propel\iCE40UP\ice40_nano\ws\ice40_nano/src/bsp/driver/uart" -std=gnu11 --specs=picolibc.specs -DPICOLIBC_INTEGER_PRINTF_SCANF -MMD -MP -MF"src/bsp/reg_test.d" -MT"src/bsp/reg_test.o" -c -o "src/bsp/reg_test.o" "../src/bsp/reg_test.c"
Finished building: ../src/bsp/reg_test.c
 
Building file: ../src/main.c
Invoking: GNU RISC-V Cross C Compiler
riscv-none-embed-gcc -march=rv32i -mabi=ilp32 -msmall-data-limit=8 -mno-save-restore -O0 -fmessage-length=0 -fsigned-char -ffunction-sections -fdata-sections  -g3 -DLSCC_STDIO_UART_APB -I"O:\src\Propel\iCE40UP\ice40_nano\ws\ice40_nano/src" -I"O:\src\Propel\iCE40UP\ice40_nano\ws\ice40_nano/src/bsp" -I"O:\src\Propel\iCE40UP\ice40_nano\ws\ice40_nano/src/bsp/driver" -I"O:\src\Propel\iCE40UP\ice40_nano\ws\ice40_nano/src/bsp/driver/gpio" -I"O:\src\Propel\iCE40UP\ice40_nano\ws\ice40_nano/src/bsp/driver/riscv_nano" -I"O:\src\Propel\iCE40UP\ice40_nano\ws\ice40_nano/src/bsp/driver/uart" -std=gnu11 --specs=picolibc.specs -DPICOLIBC_INTEGER_PRINTF_SCANF -MMD -MP -MF"src/main.d" -MT"src/main.o" -c -o "src/main.o" "../src/main.c"
../src/main.c: In function 'main':
../src/main.c:130:2: warning: implicit declaration of function 'uart_puts'; did you mean 'uart_putc'? [-Wimplicit-function-declaration]
  130 |  uart_puts(&uart_core_uart, "Started!\nHello RISC-V world!\n");
      |  ^~~~~~~~~
      |  uart_putc
Finished building: ../src/main.c
 
Building file: ../src/utils.c
Invoking: GNU RISC-V Cross C Compiler
riscv-none-embed-gcc -march=rv32i -mabi=ilp32 -msmall-data-limit=8 -mno-save-restore -O0 -fmessage-length=0 -fsigned-char -ffunction-sections -fdata-sections  -g3 -DLSCC_STDIO_UART_APB -I"O:\src\Propel\iCE40UP\ice40_nano\ws\ice40_nano/src" -I"O:\src\Propel\iCE40UP\ice40_nano\ws\ice40_nano/src/bsp" -I"O:\src\Propel\iCE40UP\ice40_nano\ws\ice40_nano/src/bsp/driver" -I"O:\src\Propel\iCE40UP\ice40_nano\ws\ice40_nano/src/bsp/driver/gpio" -I"O:\src\Propel\iCE40UP\ice40_nano\ws\ice40_nano/src/bsp/driver/riscv_nano" -I"O:\src\Propel\iCE40UP\ice40_nano\ws\ice40_nano/src/bsp/driver/uart" -std=gnu11 --specs=picolibc.specs -DPICOLIBC_INTEGER_PRINTF_SCANF -MMD -MP -MF"src/utils.d" -MT"src/utils.o" -c -o "src/utils.o" "../src/utils.c"
Finished building: ../src/utils.c
 
Building target: ice40_nano.elf
Invoking: GNU RISC-V Cross C Linker
riscv-none-embed-gcc -march=rv32i -mabi=ilp32 -msmall-data-limit=8 -mno-save-restore -O0 -fmessage-length=0 -fsigned-char -ffunction-sections -fdata-sections  -g3 -T "O:/src/Propel/iCE40UP/ice40_nano/ws/ice40_nano/src/linker.ld" -nostartfiles -Xlinker --gc-sections -Wl,-Map,"ice40_nano.map" --specs=picolibc.specs -DPICOLIBC_INTEGER_PRINTF_SCANF -o "ice40_nano.elf"  ./src/bsp/driver/uart/uart.o  ./src/bsp/driver/riscv_nano/crt0.o ./src/bsp/driver/riscv_nano/exit.o ./src/bsp/driver/riscv_nano/interrupt.o ./src/bsp/driver/riscv_nano/iob.o ./src/bsp/driver/riscv_nano/pic.o ./src/bsp/driver/riscv_nano/reg_access.o ./src/bsp/driver/riscv_nano/util.o  ./src/bsp/driver/gpio/gpio.o  ./src/bsp/reg_test.o  ./src/main.o ./src/utils.o   
Finished building target: ice40_nano.elf
 
Invoking: GNU RISC-V Cross Create Listing
riscv-none-embed-objdump --source --all-headers --demangle --line-numbers --wide "ice40_nano.elf" > "ice40_nano.lst"
Finished building: ice40_nano.lst
 
Invoking: GNU RISC-V Cross Print Size
riscv-none-embed-size --format=berkeley "ice40_nano.elf"
   text	   data	    bss	    dec	    hex	filename
   3280	     24	   3128	   6432	   1920	ice40_nano.elf
Finished building: ice40_nano.siz
 
Invoking: Lattice Multi Memory Deployment (CODE SEGMENT)
riscv-none-embed-objcopy -O binary --gap-fill 0 -j .text -j .ctors -j .dtors "ice40_nano.elf" tmp; srec_cat tmp -Binary -byte-swap 4 -DISable Header -Output "ice40_nano_Code.mem" -MEM 32
Finished building: ice40_nano_Code.mem
 
Invoking: Lattice Multi Memory Deployment (DATA SEGMENT)
riscv-none-embed-objcopy -O binary --gap-fill 0 -j .rodata -j .data -j .bss "ice40_nano.elf" tmp; srec_cat tmp -Binary -byte-swap 4 -DISable Header -Output "ice40_nano_Data.mem" -MEM 32
Finished building: ice40_nano_Data.mem
 
dump
riscv-none-embed-objdump -Dxr "ice40_nano.elf" > "ice40_nano.dump"
 
16:19:52 **** Clean-only build of configuration Debug for project ice40_nano ****
make clean 
rm -rf  ice40_nano_Data.mem  ice40_nano_Code.mem  ./src/bsp/driver/uart/uart.o  ./src/bsp/driver/riscv_nano/crt0.o ./src/bsp/driver/riscv_nano/exit.o ./src/bsp/driver/riscv_nano/interrupt.o ./src/bsp/driver/riscv_nano/iob.o ./src/bsp/driver/riscv_nano/pic.o ./src/bsp/driver/riscv_nano/reg_access.o ./src/bsp/driver/riscv_nano/util.o  ./src/bsp/driver/gpio/gpio.o  ./src/bsp/reg_test.o  ./src/main.o ./src/utils.o  ice40_nano.lst  ice40_nano.siz  ./src/bsp/driver/riscv_nano/crt0.d  ./src/bsp/driver/uart/uart.d  ./src/bsp/driver/riscv_nano/exit.d ./src/bsp/driver/riscv_nano/interrupt.d ./src/bsp/driver/riscv_nano/iob.d ./src/bsp/driver/riscv_nano/pic.d ./src/bsp/driver/riscv_nano/reg_access.d ./src/bsp/driver/riscv_nano/util.d  ./src/bsp/driver/gpio/gpio.d  ./src/bsp/reg_test.d  ./src/main.d ./src/utils.d  ice40_nano.elf
 
16:19:53 **** Build of configuration Debug for project ice40_nano ****
make all 
Building file: ../src/bsp/driver/uart/uart.c
Invoking: GNU RISC-V Cross C Compiler
riscv-none-embed-gcc -march=rv32i -mabi=ilp32 -msmall-data-limit=8 -mno-save-restore -O0 -fmessage-length=0 -fsigned-char -ffunction-sections -fdata-sections  -g3 -DLSCC_STDIO_UART_APB -I"O:\src\Propel\iCE40UP\ice40_nano\ws\ice40_nano/src" -I"O:\src\Propel\iCE40UP\ice40_nano\ws\ice40_nano/src/bsp" -I"O:\src\Propel\iCE40UP\ice40_nano\ws\ice40_nano/src/bsp/driver" -I"O:\src\Propel\iCE40UP\ice40_nano\ws\ice40_nano/src/bsp/driver/gpio" -I"O:\src\Propel\iCE40UP\ice40_nano\ws\ice40_nano/src/bsp/driver/riscv_nano" -I"O:\src\Propel\iCE40UP\ice40_nano\ws\ice40_nano/src/bsp/driver/uart" -std=gnu11 --specs=picolibc.specs -DPICOLIBC_INTEGER_PRINTF_SCANF -MMD -MP -MF"src/bsp/driver/uart/uart.d" -MT"src/bsp/driver/uart/uart.o" -c -o "src/bsp/driver/uart/uart.o" "../src/bsp/driver/uart/uart.c"
Finished building: ../src/bsp/driver/uart/uart.c
 
Building file: ../src/bsp/driver/riscv_nano/crt0.S
Invoking: GNU RISC-V Cross Assembler
riscv-none-embed-gcc -march=rv32i -mabi=ilp32 -msmall-data-limit=8 -mno-save-restore -O0 -fmessage-length=0 -fsigned-char -ffunction-sections -fdata-sections  -g3 -x assembler-with-cpp -MMD -MP -MF"src/bsp/driver/riscv_nano/crt0.d" -MT"src/bsp/driver/riscv_nano/crt0.o" -c -o "src/bsp/driver/riscv_nano/crt0.o" "../src/bsp/driver/riscv_nano/crt0.S"
Finished building: ../src/bsp/driver/riscv_nano/crt0.S
 
Building file: ../src/bsp/driver/riscv_nano/exit.c
Invoking: GNU RISC-V Cross C Compiler
riscv-none-embed-gcc -march=rv32i -mabi=ilp32 -msmall-data-limit=8 -mno-save-restore -O0 -fmessage-length=0 -fsigned-char -ffunction-sections -fdata-sections  -g3 -DLSCC_STDIO_UART_APB -I"O:\src\Propel\iCE40UP\ice40_nano\ws\ice40_nano/src" -I"O:\src\Propel\iCE40UP\ice40_nano\ws\ice40_nano/src/bsp" -I"O:\src\Propel\iCE40UP\ice40_nano\ws\ice40_nano/src/bsp/driver" -I"O:\src\Propel\iCE40UP\ice40_nano\ws\ice40_nano/src/bsp/driver/gpio" -I"O:\src\Propel\iCE40UP\ice40_nano\ws\ice40_nano/src/bsp/driver/riscv_nano" -I"O:\src\Propel\iCE40UP\ice40_nano\ws\ice40_nano/src/bsp/driver/uart" -std=gnu11 --specs=picolibc.specs -DPICOLIBC_INTEGER_PRINTF_SCANF -MMD -MP -MF"src/bsp/driver/riscv_nano/exit.d" -MT"src/bsp/driver/riscv_nano/exit.o" -c -o "src/bsp/driver/riscv_nano/exit.o" "../src/bsp/driver/riscv_nano/exit.c"
Finished building: ../src/bsp/driver/riscv_nano/exit.c
 
Building file: ../src/bsp/driver/riscv_nano/interrupt.c
Invoking: GNU RISC-V Cross C Compiler
riscv-none-embed-gcc -march=rv32i -mabi=ilp32 -msmall-data-limit=8 -mno-save-restore -O0 -fmessage-length=0 -fsigned-char -ffunction-sections -fdata-sections  -g3 -DLSCC_STDIO_UART_APB -I"O:\src\Propel\iCE40UP\ice40_nano\ws\ice40_nano/src" -I"O:\src\Propel\iCE40UP\ice40_nano\ws\ice40_nano/src/bsp" -I"O:\src\Propel\iCE40UP\ice40_nano\ws\ice40_nano/src/bsp/driver" -I"O:\src\Propel\iCE40UP\ice40_nano\ws\ice40_nano/src/bsp/driver/gpio" -I"O:\src\Propel\iCE40UP\ice40_nano\ws\ice40_nano/src/bsp/driver/riscv_nano" -I"O:\src\Propel\iCE40UP\ice40_nano\ws\ice40_nano/src/bsp/driver/uart" -std=gnu11 --specs=picolibc.specs -DPICOLIBC_INTEGER_PRINTF_SCANF -MMD -MP -MF"src/bsp/driver/riscv_nano/interrupt.d" -MT"src/bsp/driver/riscv_nano/interrupt.o" -c -o "src/bsp/driver/riscv_nano/interrupt.o" "../src/bsp/driver/riscv_nano/interrupt.c"
Finished building: ../src/bsp/driver/riscv_nano/interrupt.c
 
Building file: ../src/bsp/driver/riscv_nano/iob.c
Invoking: GNU RISC-V Cross C Compiler
riscv-none-embed-gcc -march=rv32i -mabi=ilp32 -msmall-data-limit=8 -mno-save-restore -O0 -fmessage-length=0 -fsigned-char -ffunction-sections -fdata-sections  -g3 -DLSCC_STDIO_UART_APB -I"O:\src\Propel\iCE40UP\ice40_nano\ws\ice40_nano/src" -I"O:\src\Propel\iCE40UP\ice40_nano\ws\ice40_nano/src/bsp" -I"O:\src\Propel\iCE40UP\ice40_nano\ws\ice40_nano/src/bsp/driver" -I"O:\src\Propel\iCE40UP\ice40_nano\ws\ice40_nano/src/bsp/driver/gpio" -I"O:\src\Propel\iCE40UP\ice40_nano\ws\ice40_nano/src/bsp/driver/riscv_nano" -I"O:\src\Propel\iCE40UP\ice40_nano\ws\ice40_nano/src/bsp/driver/uart" -std=gnu11 --specs=picolibc.specs -DPICOLIBC_INTEGER_PRINTF_SCANF -MMD -MP -MF"src/bsp/driver/riscv_nano/iob.d" -MT"src/bsp/driver/riscv_nano/iob.o" -c -o "src/bsp/driver/riscv_nano/iob.o" "../src/bsp/driver/riscv_nano/iob.c"
Finished building: ../src/bsp/driver/riscv_nano/iob.c
 
Building file: ../src/bsp/driver/riscv_nano/pic.c
Invoking: GNU RISC-V Cross C Compiler
riscv-none-embed-gcc -march=rv32i -mabi=ilp32 -msmall-data-limit=8 -mno-save-restore -O0 -fmessage-length=0 -fsigned-char -ffunction-sections -fdata-sections  -g3 -DLSCC_STDIO_UART_APB -I"O:\src\Propel\iCE40UP\ice40_nano\ws\ice40_nano/src" -I"O:\src\Propel\iCE40UP\ice40_nano\ws\ice40_nano/src/bsp" -I"O:\src\Propel\iCE40UP\ice40_nano\ws\ice40_nano/src/bsp/driver" -I"O:\src\Propel\iCE40UP\ice40_nano\ws\ice40_nano/src/bsp/driver/gpio" -I"O:\src\Propel\iCE40UP\ice40_nano\ws\ice40_nano/src/bsp/driver/riscv_nano" -I"O:\src\Propel\iCE40UP\ice40_nano\ws\ice40_nano/src/bsp/driver/uart" -std=gnu11 --specs=picolibc.specs -DPICOLIBC_INTEGER_PRINTF_SCANF -MMD -MP -MF"src/bsp/driver/riscv_nano/pic.d" -MT"src/bsp/driver/riscv_nano/pic.o" -c -o "src/bsp/driver/riscv_nano/pic.o" "../src/bsp/driver/riscv_nano/pic.c"
Finished building: ../src/bsp/driver/riscv_nano/pic.c
 
Building file: ../src/bsp/driver/riscv_nano/reg_access.c
Invoking: GNU RISC-V Cross C Compiler
riscv-none-embed-gcc -march=rv32i -mabi=ilp32 -msmall-data-limit=8 -mno-save-restore -O0 -fmessage-length=0 -fsigned-char -ffunction-sections -fdata-sections  -g3 -DLSCC_STDIO_UART_APB -I"O:\src\Propel\iCE40UP\ice40_nano\ws\ice40_nano/src" -I"O:\src\Propel\iCE40UP\ice40_nano\ws\ice40_nano/src/bsp" -I"O:\src\Propel\iCE40UP\ice40_nano\ws\ice40_nano/src/bsp/driver" -I"O:\src\Propel\iCE40UP\ice40_nano\ws\ice40_nano/src/bsp/driver/gpio" -I"O:\src\Propel\iCE40UP\ice40_nano\ws\ice40_nano/src/bsp/driver/riscv_nano" -I"O:\src\Propel\iCE40UP\ice40_nano\ws\ice40_nano/src/bsp/driver/uart" -std=gnu11 --specs=picolibc.specs -DPICOLIBC_INTEGER_PRINTF_SCANF -MMD -MP -MF"src/bsp/driver/riscv_nano/reg_access.d" -MT"src/bsp/driver/riscv_nano/reg_access.o" -c -o "src/bsp/driver/riscv_nano/reg_access.o" "../src/bsp/driver/riscv_nano/reg_access.c"
Finished building: ../src/bsp/driver/riscv_nano/reg_access.c
 
Building file: ../src/bsp/driver/riscv_nano/util.c
Invoking: GNU RISC-V Cross C Compiler
riscv-none-embed-gcc -march=rv32i -mabi=ilp32 -msmall-data-limit=8 -mno-save-restore -O0 -fmessage-length=0 -fsigned-char -ffunction-sections -fdata-sections  -g3 -DLSCC_STDIO_UART_APB -I"O:\src\Propel\iCE40UP\ice40_nano\ws\ice40_nano/src" -I"O:\src\Propel\iCE40UP\ice40_nano\ws\ice40_nano/src/bsp" -I"O:\src\Propel\iCE40UP\ice40_nano\ws\ice40_nano/src/bsp/driver" -I"O:\src\Propel\iCE40UP\ice40_nano\ws\ice40_nano/src/bsp/driver/gpio" -I"O:\src\Propel\iCE40UP\ice40_nano\ws\ice40_nano/src/bsp/driver/riscv_nano" -I"O:\src\Propel\iCE40UP\ice40_nano\ws\ice40_nano/src/bsp/driver/uart" -std=gnu11 --specs=picolibc.specs -DPICOLIBC_INTEGER_PRINTF_SCANF -MMD -MP -MF"src/bsp/driver/riscv_nano/util.d" -MT"src/bsp/driver/riscv_nano/util.o" -c -o "src/bsp/driver/riscv_nano/util.o" "../src/bsp/driver/riscv_nano/util.c"
Finished building: ../src/bsp/driver/riscv_nano/util.c
 
Building file: ../src/bsp/driver/gpio/gpio.c
Invoking: GNU RISC-V Cross C Compiler
riscv-none-embed-gcc -march=rv32i -mabi=ilp32 -msmall-data-limit=8 -mno-save-restore -O0 -fmessage-length=0 -fsigned-char -ffunction-sections -fdata-sections  -g3 -DLSCC_STDIO_UART_APB -I"O:\src\Propel\iCE40UP\ice40_nano\ws\ice40_nano/src" -I"O:\src\Propel\iCE40UP\ice40_nano\ws\ice40_nano/src/bsp" -I"O:\src\Propel\iCE40UP\ice40_nano\ws\ice40_nano/src/bsp/driver" -I"O:\src\Propel\iCE40UP\ice40_nano\ws\ice40_nano/src/bsp/driver/gpio" -I"O:\src\Propel\iCE40UP\ice40_nano\ws\ice40_nano/src/bsp/driver/riscv_nano" -I"O:\src\Propel\iCE40UP\ice40_nano\ws\ice40_nano/src/bsp/driver/uart" -std=gnu11 --specs=picolibc.specs -DPICOLIBC_INTEGER_PRINTF_SCANF -MMD -MP -MF"src/bsp/driver/gpio/gpio.d" -MT"src/bsp/driver/gpio/gpio.o" -c -o "src/bsp/driver/gpio/gpio.o" "../src/bsp/driver/gpio/gpio.c"
Finished building: ../src/bsp/driver/gpio/gpio.c
 
Building file: ../src/bsp/reg_test.c
Invoking: GNU RISC-V Cross C Compiler
riscv-none-embed-gcc -march=rv32i -mabi=ilp32 -msmall-data-limit=8 -mno-save-restore -O0 -fmessage-length=0 -fsigned-char -ffunction-sections -fdata-sections  -g3 -DLSCC_STDIO_UART_APB -I"O:\src\Propel\iCE40UP\ice40_nano\ws\ice40_nano/src" -I"O:\src\Propel\iCE40UP\ice40_nano\ws\ice40_nano/src/bsp" -I"O:\src\Propel\iCE40UP\ice40_nano\ws\ice40_nano/src/bsp/driver" -I"O:\src\Propel\iCE40UP\ice40_nano\ws\ice40_nano/src/bsp/driver/gpio" -I"O:\src\Propel\iCE40UP\ice40_nano\ws\ice40_nano/src/bsp/driver/riscv_nano" -I"O:\src\Propel\iCE40UP\ice40_nano\ws\ice40_nano/src/bsp/driver/uart" -std=gnu11 --specs=picolibc.specs -DPICOLIBC_INTEGER_PRINTF_SCANF -MMD -MP -MF"src/bsp/reg_test.d" -MT"src/bsp/reg_test.o" -c -o "src/bsp/reg_test.o" "../src/bsp/reg_test.c"
Finished building: ../src/bsp/reg_test.c
 
Building file: ../src/main.c
Invoking: GNU RISC-V Cross C Compiler
riscv-none-embed-gcc -march=rv32i -mabi=ilp32 -msmall-data-limit=8 -mno-save-restore -O0 -fmessage-length=0 -fsigned-char -ffunction-sections -fdata-sections  -g3 -DLSCC_STDIO_UART_APB -I"O:\src\Propel\iCE40UP\ice40_nano\ws\ice40_nano/src" -I"O:\src\Propel\iCE40UP\ice40_nano\ws\ice40_nano/src/bsp" -I"O:\src\Propel\iCE40UP\ice40_nano\ws\ice40_nano/src/bsp/driver" -I"O:\src\Propel\iCE40UP\ice40_nano\ws\ice40_nano/src/bsp/driver/gpio" -I"O:\src\Propel\iCE40UP\ice40_nano\ws\ice40_nano/src/bsp/driver/riscv_nano" -I"O:\src\Propel\iCE40UP\ice40_nano\ws\ice40_nano/src/bsp/driver/uart" -std=gnu11 --specs=picolibc.specs -DPICOLIBC_INTEGER_PRINTF_SCANF -MMD -MP -MF"src/main.d" -MT"src/main.o" -c -o "src/main.o" "../src/main.c"
../src/main.c: In function 'main':
../src/main.c:130:2: warning: implicit declaration of function 'uart_puts'; did you mean 'uart_putc'? [-Wimplicit-function-declaration]
  130 |  uart_puts(&uart_core_uart, "Started!\nHello RISC-V world!\n");
      |  ^~~~~~~~~
      |  uart_putc
Finished building: ../src/main.c
 
Building file: ../src/utils.c
Invoking: GNU RISC-V Cross C Compiler
riscv-none-embed-gcc -march=rv32i -mabi=ilp32 -msmall-data-limit=8 -mno-save-restore -O0 -fmessage-length=0 -fsigned-char -ffunction-sections -fdata-sections  -g3 -DLSCC_STDIO_UART_APB -I"O:\src\Propel\iCE40UP\ice40_nano\ws\ice40_nano/src" -I"O:\src\Propel\iCE40UP\ice40_nano\ws\ice40_nano/src/bsp" -I"O:\src\Propel\iCE40UP\ice40_nano\ws\ice40_nano/src/bsp/driver" -I"O:\src\Propel\iCE40UP\ice40_nano\ws\ice40_nano/src/bsp/driver/gpio" -I"O:\src\Propel\iCE40UP\ice40_nano\ws\ice40_nano/src/bsp/driver/riscv_nano" -I"O:\src\Propel\iCE40UP\ice40_nano\ws\ice40_nano/src/bsp/driver/uart" -std=gnu11 --specs=picolibc.specs -DPICOLIBC_INTEGER_PRINTF_SCANF -MMD -MP -MF"src/utils.d" -MT"src/utils.o" -c -o "src/utils.o" "../src/utils.c"
Finished building: ../src/utils.c
 
Building target: ice40_nano.elf
Invoking: GNU RISC-V Cross C Linker
riscv-none-embed-gcc -march=rv32i -mabi=ilp32 -msmall-data-limit=8 -mno-save-restore -O0 -fmessage-length=0 -fsigned-char -ffunction-sections -fdata-sections  -g3 -T "O:/src/Propel/iCE40UP/ice40_nano/ws/ice40_nano/src/linker.ld" -nostartfiles -Xlinker --gc-sections -Wl,-Map,"ice40_nano.map" --specs=picolibc.specs -DPICOLIBC_INTEGER_PRINTF_SCANF -o "ice40_nano.elf"  ./src/bsp/driver/uart/uart.o  ./src/bsp/driver/riscv_nano/crt0.o ./src/bsp/driver/riscv_nano/exit.o ./src/bsp/driver/riscv_nano/interrupt.o ./src/bsp/driver/riscv_nano/iob.o ./src/bsp/driver/riscv_nano/pic.o ./src/bsp/driver/riscv_nano/reg_access.o ./src/bsp/driver/riscv_nano/util.o  ./src/bsp/driver/gpio/gpio.o  ./src/bsp/reg_test.o  ./src/main.o ./src/utils.o   
Finished building target: ice40_nano.elf
 
Invoking: GNU RISC-V Cross Create Listing
riscv-none-embed-objdump --source --all-headers --demangle --line-numbers --wide "ice40_nano.elf" > "ice40_nano.lst"
Finished building: ice40_nano.lst
 
Invoking: GNU RISC-V Cross Print Size
riscv-none-embed-size --format=berkeley "ice40_nano.elf"
   text	   data	    bss	    dec	    hex	filename
   3280	     24	   3128	   6432	   1920	ice40_nano.elf
Finished building: ice40_nano.siz
 
Invoking: Lattice Multi Memory Deployment (CODE SEGMENT)
riscv-none-embed-objcopy -O binary --gap-fill 0 -j .ctors -j .dtors -j .rodata -j .text "ice40_nano.elf" tmp; srec_cat tmp -Binary -byte-swap 4 -DISable Header -Output "ice40_nano_Code.mem" -MEM 32
Finished building: ice40_nano_Code.mem
 
Invoking: Lattice Multi Memory Deployment (DATA SEGMENT)
riscv-none-embed-objcopy -O binary --gap-fill 0 -j .data -j .bss "ice40_nano.elf" tmp; srec_cat tmp -Binary -byte-swap 4 -DISable Header -Output "ice40_nano_Data.mem" -MEM 32
Finished building: ice40_nano_Data.mem
 
dump
riscv-none-embed-objdump -Dxr "ice40_nano.elf" > "ice40_nano.dump"
 
16:49:17 **** Clean-only build of configuration Debug for project ice40_nano ****
make clean 
rm -rf  ice40_nano_Data.mem  ice40_nano_Code.mem  ./src/bsp/driver/uart/uart.o  ./src/bsp/driver/riscv_nano/crt0.o ./src/bsp/driver/riscv_nano/exit.o ./src/bsp/driver/riscv_nano/interrupt.o ./src/bsp/driver/riscv_nano/iob.o ./src/bsp/driver/riscv_nano/pic.o ./src/bsp/driver/riscv_nano/reg_access.o ./src/bsp/driver/riscv_nano/util.o  ./src/bsp/driver/gpio/gpio.o  ./src/bsp/reg_test.o  ./src/main.o ./src/utils.o  ice40_nano.lst  ice40_nano.siz  ./src/bsp/driver/riscv_nano/crt0.d  ./src/bsp/driver/uart/uart.d  ./src/bsp/driver/riscv_nano/exit.d ./src/bsp/driver/riscv_nano/interrupt.d ./src/bsp/driver/riscv_nano/iob.d ./src/bsp/driver/riscv_nano/pic.d ./src/bsp/driver/riscv_nano/reg_access.d ./src/bsp/driver/riscv_nano/util.d  ./src/bsp/driver/gpio/gpio.d  ./src/bsp/reg_test.d  ./src/main.d ./src/utils.d  ice40_nano.elf
 
16:49:18 **** Build of configuration Debug for project ice40_nano ****
make all 
Building file: ../src/bsp/driver/uart/uart.c
Invoking: GNU RISC-V Cross C Compiler
riscv-none-embed-gcc -march=rv32i -mabi=ilp32 -msmall-data-limit=8 -mno-save-restore -O0 -fmessage-length=0 -fsigned-char -ffunction-sections -fdata-sections  -g3 -DLSCC_STDIO_UART_APB -I"O:\src\Propel\iCE40UP\ice40_nano\ws\ice40_nano/src" -I"O:\src\Propel\iCE40UP\ice40_nano\ws\ice40_nano/src/bsp" -I"O:\src\Propel\iCE40UP\ice40_nano\ws\ice40_nano/src/bsp/driver" -I"O:\src\Propel\iCE40UP\ice40_nano\ws\ice40_nano/src/bsp/driver/gpio" -I"O:\src\Propel\iCE40UP\ice40_nano\ws\ice40_nano/src/bsp/driver/riscv_nano" -I"O:\src\Propel\iCE40UP\ice40_nano\ws\ice40_nano/src/bsp/driver/uart" -std=gnu11 --specs=picolibc.specs -DPICOLIBC_INTEGER_PRINTF_SCANF -MMD -MP -MF"src/bsp/driver/uart/uart.d" -MT"src/bsp/driver/uart/uart.o" -c -o "src/bsp/driver/uart/uart.o" "../src/bsp/driver/uart/uart.c"
Finished building: ../src/bsp/driver/uart/uart.c
 
Building file: ../src/bsp/driver/riscv_nano/crt0.S
Invoking: GNU RISC-V Cross Assembler
riscv-none-embed-gcc -march=rv32i -mabi=ilp32 -msmall-data-limit=8 -mno-save-restore -O0 -fmessage-length=0 -fsigned-char -ffunction-sections -fdata-sections  -g3 -x assembler-with-cpp -MMD -MP -MF"src/bsp/driver/riscv_nano/crt0.d" -MT"src/bsp/driver/riscv_nano/crt0.o" -c -o "src/bsp/driver/riscv_nano/crt0.o" "../src/bsp/driver/riscv_nano/crt0.S"
Finished building: ../src/bsp/driver/riscv_nano/crt0.S
 
Building file: ../src/bsp/driver/riscv_nano/exit.c
Invoking: GNU RISC-V Cross C Compiler
riscv-none-embed-gcc -march=rv32i -mabi=ilp32 -msmall-data-limit=8 -mno-save-restore -O0 -fmessage-length=0 -fsigned-char -ffunction-sections -fdata-sections  -g3 -DLSCC_STDIO_UART_APB -I"O:\src\Propel\iCE40UP\ice40_nano\ws\ice40_nano/src" -I"O:\src\Propel\iCE40UP\ice40_nano\ws\ice40_nano/src/bsp" -I"O:\src\Propel\iCE40UP\ice40_nano\ws\ice40_nano/src/bsp/driver" -I"O:\src\Propel\iCE40UP\ice40_nano\ws\ice40_nano/src/bsp/driver/gpio" -I"O:\src\Propel\iCE40UP\ice40_nano\ws\ice40_nano/src/bsp/driver/riscv_nano" -I"O:\src\Propel\iCE40UP\ice40_nano\ws\ice40_nano/src/bsp/driver/uart" -std=gnu11 --specs=picolibc.specs -DPICOLIBC_INTEGER_PRINTF_SCANF -MMD -MP -MF"src/bsp/driver/riscv_nano/exit.d" -MT"src/bsp/driver/riscv_nano/exit.o" -c -o "src/bsp/driver/riscv_nano/exit.o" "../src/bsp/driver/riscv_nano/exit.c"
Finished building: ../src/bsp/driver/riscv_nano/exit.c
 
Building file: ../src/bsp/driver/riscv_nano/interrupt.c
Invoking: GNU RISC-V Cross C Compiler
riscv-none-embed-gcc -march=rv32i -mabi=ilp32 -msmall-data-limit=8 -mno-save-restore -O0 -fmessage-length=0 -fsigned-char -ffunction-sections -fdata-sections  -g3 -DLSCC_STDIO_UART_APB -I"O:\src\Propel\iCE40UP\ice40_nano\ws\ice40_nano/src" -I"O:\src\Propel\iCE40UP\ice40_nano\ws\ice40_nano/src/bsp" -I"O:\src\Propel\iCE40UP\ice40_nano\ws\ice40_nano/src/bsp/driver" -I"O:\src\Propel\iCE40UP\ice40_nano\ws\ice40_nano/src/bsp/driver/gpio" -I"O:\src\Propel\iCE40UP\ice40_nano\ws\ice40_nano/src/bsp/driver/riscv_nano" -I"O:\src\Propel\iCE40UP\ice40_nano\ws\ice40_nano/src/bsp/driver/uart" -std=gnu11 --specs=picolibc.specs -DPICOLIBC_INTEGER_PRINTF_SCANF -MMD -MP -MF"src/bsp/driver/riscv_nano/interrupt.d" -MT"src/bsp/driver/riscv_nano/interrupt.o" -c -o "src/bsp/driver/riscv_nano/interrupt.o" "../src/bsp/driver/riscv_nano/interrupt.c"
Finished building: ../src/bsp/driver/riscv_nano/interrupt.c
 
Building file: ../src/bsp/driver/riscv_nano/iob.c
Invoking: GNU RISC-V Cross C Compiler
riscv-none-embed-gcc -march=rv32i -mabi=ilp32 -msmall-data-limit=8 -mno-save-restore -O0 -fmessage-length=0 -fsigned-char -ffunction-sections -fdata-sections  -g3 -DLSCC_STDIO_UART_APB -I"O:\src\Propel\iCE40UP\ice40_nano\ws\ice40_nano/src" -I"O:\src\Propel\iCE40UP\ice40_nano\ws\ice40_nano/src/bsp" -I"O:\src\Propel\iCE40UP\ice40_nano\ws\ice40_nano/src/bsp/driver" -I"O:\src\Propel\iCE40UP\ice40_nano\ws\ice40_nano/src/bsp/driver/gpio" -I"O:\src\Propel\iCE40UP\ice40_nano\ws\ice40_nano/src/bsp/driver/riscv_nano" -I"O:\src\Propel\iCE40UP\ice40_nano\ws\ice40_nano/src/bsp/driver/uart" -std=gnu11 --specs=picolibc.specs -DPICOLIBC_INTEGER_PRINTF_SCANF -MMD -MP -MF"src/bsp/driver/riscv_nano/iob.d" -MT"src/bsp/driver/riscv_nano/iob.o" -c -o "src/bsp/driver/riscv_nano/iob.o" "../src/bsp/driver/riscv_nano/iob.c"
Finished building: ../src/bsp/driver/riscv_nano/iob.c
 
Building file: ../src/bsp/driver/riscv_nano/pic.c
Invoking: GNU RISC-V Cross C Compiler
riscv-none-embed-gcc -march=rv32i -mabi=ilp32 -msmall-data-limit=8 -mno-save-restore -O0 -fmessage-length=0 -fsigned-char -ffunction-sections -fdata-sections  -g3 -DLSCC_STDIO_UART_APB -I"O:\src\Propel\iCE40UP\ice40_nano\ws\ice40_nano/src" -I"O:\src\Propel\iCE40UP\ice40_nano\ws\ice40_nano/src/bsp" -I"O:\src\Propel\iCE40UP\ice40_nano\ws\ice40_nano/src/bsp/driver" -I"O:\src\Propel\iCE40UP\ice40_nano\ws\ice40_nano/src/bsp/driver/gpio" -I"O:\src\Propel\iCE40UP\ice40_nano\ws\ice40_nano/src/bsp/driver/riscv_nano" -I"O:\src\Propel\iCE40UP\ice40_nano\ws\ice40_nano/src/bsp/driver/uart" -std=gnu11 --specs=picolibc.specs -DPICOLIBC_INTEGER_PRINTF_SCANF -MMD -MP -MF"src/bsp/driver/riscv_nano/pic.d" -MT"src/bsp/driver/riscv_nano/pic.o" -c -o "src/bsp/driver/riscv_nano/pic.o" "../src/bsp/driver/riscv_nano/pic.c"
Finished building: ../src/bsp/driver/riscv_nano/pic.c
 
Building file: ../src/bsp/driver/riscv_nano/reg_access.c
Invoking: GNU RISC-V Cross C Compiler
riscv-none-embed-gcc -march=rv32i -mabi=ilp32 -msmall-data-limit=8 -mno-save-restore -O0 -fmessage-length=0 -fsigned-char -ffunction-sections -fdata-sections  -g3 -DLSCC_STDIO_UART_APB -I"O:\src\Propel\iCE40UP\ice40_nano\ws\ice40_nano/src" -I"O:\src\Propel\iCE40UP\ice40_nano\ws\ice40_nano/src/bsp" -I"O:\src\Propel\iCE40UP\ice40_nano\ws\ice40_nano/src/bsp/driver" -I"O:\src\Propel\iCE40UP\ice40_nano\ws\ice40_nano/src/bsp/driver/gpio" -I"O:\src\Propel\iCE40UP\ice40_nano\ws\ice40_nano/src/bsp/driver/riscv_nano" -I"O:\src\Propel\iCE40UP\ice40_nano\ws\ice40_nano/src/bsp/driver/uart" -std=gnu11 --specs=picolibc.specs -DPICOLIBC_INTEGER_PRINTF_SCANF -MMD -MP -MF"src/bsp/driver/riscv_nano/reg_access.d" -MT"src/bsp/driver/riscv_nano/reg_access.o" -c -o "src/bsp/driver/riscv_nano/reg_access.o" "../src/bsp/driver/riscv_nano/reg_access.c"
Finished building: ../src/bsp/driver/riscv_nano/reg_access.c
 
Building file: ../src/bsp/driver/riscv_nano/util.c
Invoking: GNU RISC-V Cross C Compiler
riscv-none-embed-gcc -march=rv32i -mabi=ilp32 -msmall-data-limit=8 -mno-save-restore -O0 -fmessage-length=0 -fsigned-char -ffunction-sections -fdata-sections  -g3 -DLSCC_STDIO_UART_APB -I"O:\src\Propel\iCE40UP\ice40_nano\ws\ice40_nano/src" -I"O:\src\Propel\iCE40UP\ice40_nano\ws\ice40_nano/src/bsp" -I"O:\src\Propel\iCE40UP\ice40_nano\ws\ice40_nano/src/bsp/driver" -I"O:\src\Propel\iCE40UP\ice40_nano\ws\ice40_nano/src/bsp/driver/gpio" -I"O:\src\Propel\iCE40UP\ice40_nano\ws\ice40_nano/src/bsp/driver/riscv_nano" -I"O:\src\Propel\iCE40UP\ice40_nano\ws\ice40_nano/src/bsp/driver/uart" -std=gnu11 --specs=picolibc.specs -DPICOLIBC_INTEGER_PRINTF_SCANF -MMD -MP -MF"src/bsp/driver/riscv_nano/util.d" -MT"src/bsp/driver/riscv_nano/util.o" -c -o "src/bsp/driver/riscv_nano/util.o" "../src/bsp/driver/riscv_nano/util.c"
Finished building: ../src/bsp/driver/riscv_nano/util.c
 
Building file: ../src/bsp/driver/gpio/gpio.c
Invoking: GNU RISC-V Cross C Compiler
riscv-none-embed-gcc -march=rv32i -mabi=ilp32 -msmall-data-limit=8 -mno-save-restore -O0 -fmessage-length=0 -fsigned-char -ffunction-sections -fdata-sections  -g3 -DLSCC_STDIO_UART_APB -I"O:\src\Propel\iCE40UP\ice40_nano\ws\ice40_nano/src" -I"O:\src\Propel\iCE40UP\ice40_nano\ws\ice40_nano/src/bsp" -I"O:\src\Propel\iCE40UP\ice40_nano\ws\ice40_nano/src/bsp/driver" -I"O:\src\Propel\iCE40UP\ice40_nano\ws\ice40_nano/src/bsp/driver/gpio" -I"O:\src\Propel\iCE40UP\ice40_nano\ws\ice40_nano/src/bsp/driver/riscv_nano" -I"O:\src\Propel\iCE40UP\ice40_nano\ws\ice40_nano/src/bsp/driver/uart" -std=gnu11 --specs=picolibc.specs -DPICOLIBC_INTEGER_PRINTF_SCANF -MMD -MP -MF"src/bsp/driver/gpio/gpio.d" -MT"src/bsp/driver/gpio/gpio.o" -c -o "src/bsp/driver/gpio/gpio.o" "../src/bsp/driver/gpio/gpio.c"
Finished building: ../src/bsp/driver/gpio/gpio.c
 
Building file: ../src/bsp/reg_test.c
Invoking: GNU RISC-V Cross C Compiler
riscv-none-embed-gcc -march=rv32i -mabi=ilp32 -msmall-data-limit=8 -mno-save-restore -O0 -fmessage-length=0 -fsigned-char -ffunction-sections -fdata-sections  -g3 -DLSCC_STDIO_UART_APB -I"O:\src\Propel\iCE40UP\ice40_nano\ws\ice40_nano/src" -I"O:\src\Propel\iCE40UP\ice40_nano\ws\ice40_nano/src/bsp" -I"O:\src\Propel\iCE40UP\ice40_nano\ws\ice40_nano/src/bsp/driver" -I"O:\src\Propel\iCE40UP\ice40_nano\ws\ice40_nano/src/bsp/driver/gpio" -I"O:\src\Propel\iCE40UP\ice40_nano\ws\ice40_nano/src/bsp/driver/riscv_nano" -I"O:\src\Propel\iCE40UP\ice40_nano\ws\ice40_nano/src/bsp/driver/uart" -std=gnu11 --specs=picolibc.specs -DPICOLIBC_INTEGER_PRINTF_SCANF -MMD -MP -MF"src/bsp/reg_test.d" -MT"src/bsp/reg_test.o" -c -o "src/bsp/reg_test.o" "../src/bsp/reg_test.c"
Finished building: ../src/bsp/reg_test.c
 
Building file: ../src/main.c
Invoking: GNU RISC-V Cross C Compiler
riscv-none-embed-gcc -march=rv32i -mabi=ilp32 -msmall-data-limit=8 -mno-save-restore -O0 -fmessage-length=0 -fsigned-char -ffunction-sections -fdata-sections  -g3 -DLSCC_STDIO_UART_APB -I"O:\src\Propel\iCE40UP\ice40_nano\ws\ice40_nano/src" -I"O:\src\Propel\iCE40UP\ice40_nano\ws\ice40_nano/src/bsp" -I"O:\src\Propel\iCE40UP\ice40_nano\ws\ice40_nano/src/bsp/driver" -I"O:\src\Propel\iCE40UP\ice40_nano\ws\ice40_nano/src/bsp/driver/gpio" -I"O:\src\Propel\iCE40UP\ice40_nano\ws\ice40_nano/src/bsp/driver/riscv_nano" -I"O:\src\Propel\iCE40UP\ice40_nano\ws\ice40_nano/src/bsp/driver/uart" -std=gnu11 --specs=picolibc.specs -DPICOLIBC_INTEGER_PRINTF_SCANF -MMD -MP -MF"src/main.d" -MT"src/main.o" -c -o "src/main.o" "../src/main.c"
../src/main.c: In function 'main':
../src/main.c:130:2: warning: implicit declaration of function 'uart_puts'; did you mean 'uart_putc'? [-Wimplicit-function-declaration]
  130 |  uart_puts(&uart_core_uart, "Started!\nHello RISC-V world!\n");
      |  ^~~~~~~~~
      |  uart_putc
Finished building: ../src/main.c
 
Building file: ../src/utils.c
Invoking: GNU RISC-V Cross C Compiler
riscv-none-embed-gcc -march=rv32i -mabi=ilp32 -msmall-data-limit=8 -mno-save-restore -O0 -fmessage-length=0 -fsigned-char -ffunction-sections -fdata-sections  -g3 -DLSCC_STDIO_UART_APB -I"O:\src\Propel\iCE40UP\ice40_nano\ws\ice40_nano/src" -I"O:\src\Propel\iCE40UP\ice40_nano\ws\ice40_nano/src/bsp" -I"O:\src\Propel\iCE40UP\ice40_nano\ws\ice40_nano/src/bsp/driver" -I"O:\src\Propel\iCE40UP\ice40_nano\ws\ice40_nano/src/bsp/driver/gpio" -I"O:\src\Propel\iCE40UP\ice40_nano\ws\ice40_nano/src/bsp/driver/riscv_nano" -I"O:\src\Propel\iCE40UP\ice40_nano\ws\ice40_nano/src/bsp/driver/uart" -std=gnu11 --specs=picolibc.specs -DPICOLIBC_INTEGER_PRINTF_SCANF -MMD -MP -MF"src/utils.d" -MT"src/utils.o" -c -o "src/utils.o" "../src/utils.c"
Finished building: ../src/utils.c
 
Building target: ice40_nano.elf
Invoking: GNU RISC-V Cross C Linker
riscv-none-embed-gcc -march=rv32i -mabi=ilp32 -msmall-data-limit=8 -mno-save-restore -O0 -fmessage-length=0 -fsigned-char -ffunction-sections -fdata-sections  -g3 -T "O:/src/Propel/iCE40UP/ice40_nano/ws/ice40_nano/src/linker.ld" -nostartfiles -Xlinker --gc-sections -Wl,-Map,"ice40_nano.map" --specs=picolibc.specs -DPICOLIBC_INTEGER_PRINTF_SCANF -o "ice40_nano.elf"  ./src/bsp/driver/uart/uart.o  ./src/bsp/driver/riscv_nano/crt0.o ./src/bsp/driver/riscv_nano/exit.o ./src/bsp/driver/riscv_nano/interrupt.o ./src/bsp/driver/riscv_nano/iob.o ./src/bsp/driver/riscv_nano/pic.o ./src/bsp/driver/riscv_nano/reg_access.o ./src/bsp/driver/riscv_nano/util.o  ./src/bsp/driver/gpio/gpio.o  ./src/bsp/reg_test.o  ./src/main.o ./src/utils.o   
Finished building target: ice40_nano.elf
 
Invoking: GNU RISC-V Cross Create Listing
riscv-none-embed-objdump --source --all-headers --demangle --line-numbers --wide "ice40_nano.elf" > "ice40_nano.lst"
Finished building: ice40_nano.lst
 
Invoking: GNU RISC-V Cross Print Size
riscv-none-embed-size --format=berkeley "ice40_nano.elf"
   text	   data	    bss	    dec	    hex	filename
   3280	     24	   3128	   6432	   1920	ice40_nano.elf
Finished building: ice40_nano.siz
 
Invoking: Lattice Multi Memory Deployment (CODE SEGMENT)
riscv-none-embed-objcopy -O binary --gap-fill 0 -j .text -j .ctors -j .dtors "ice40_nano.elf" tmp; srec_cat tmp -Binary -byte-swap 4 -DISable Header -Output "ice40_nano_Code.mem" -MEM 32
Finished building: ice40_nano_Code.mem
 
Invoking: Lattice Multi Memory Deployment (DATA SEGMENT)
riscv-none-embed-objcopy -O binary --gap-fill 0 -j .rodata -j .data -j .bss "ice40_nano.elf" tmp; srec_cat tmp -Binary -byte-swap 4 -DISable Header -Output "ice40_nano_Data.mem" -MEM 32
Finished building: ice40_nano_Data.mem
 
18:23:47 **** Incremental Build of configuration Debug for project ice40_nano ****
make all 
Building file: ../src/bsp/driver/uart/uart.c
Invoking: GNU RISC-V Cross C Compiler
riscv-none-embed-gcc -march=rv32i -mabi=ilp32 -msmall-data-limit=8 -mno-save-restore -O0 -fmessage-length=0 -fsigned-char -ffunction-sections -fdata-sections  -g3 -DLSCC_STDIO_UART_APB -I"O:\src\Propel\iCE40UP\ice40_nano\ws\ice40_nano/src" -I"O:\src\Propel\iCE40UP\ice40_nano\ws\ice40_nano/src/bsp" -I"O:\src\Propel\iCE40UP\ice40_nano\ws\ice40_nano/src/bsp/driver" -I"O:\src\Propel\iCE40UP\ice40_nano\ws\ice40_nano/src/bsp/driver/gpio" -I"O:\src\Propel\iCE40UP\ice40_nano\ws\ice40_nano/src/bsp/driver/riscv_nano" -I"O:\src\Propel\iCE40UP\ice40_nano\ws\ice40_nano/src/bsp/driver/uart" -std=gnu11 --specs=picolibc.specs -DPICOLIBC_INTEGER_PRINTF_SCANF -MMD -MP -MF"src/bsp/driver/uart/uart.d" -MT"src/bsp/driver/uart/uart.o" -c -o "src/bsp/driver/uart/uart.o" "../src/bsp/driver/uart/uart.c"
Finished building: ../src/bsp/driver/uart/uart.c
 
Building file: ../src/main.c
Invoking: GNU RISC-V Cross C Compiler
riscv-none-embed-gcc -march=rv32i -mabi=ilp32 -msmall-data-limit=8 -mno-save-restore -O0 -fmessage-length=0 -fsigned-char -ffunction-sections -fdata-sections  -g3 -DLSCC_STDIO_UART_APB -I"O:\src\Propel\iCE40UP\ice40_nano\ws\ice40_nano/src" -I"O:\src\Propel\iCE40UP\ice40_nano\ws\ice40_nano/src/bsp" -I"O:\src\Propel\iCE40UP\ice40_nano\ws\ice40_nano/src/bsp/driver" -I"O:\src\Propel\iCE40UP\ice40_nano\ws\ice40_nano/src/bsp/driver/gpio" -I"O:\src\Propel\iCE40UP\ice40_nano\ws\ice40_nano/src/bsp/driver/riscv_nano" -I"O:\src\Propel\iCE40UP\ice40_nano\ws\ice40_nano/src/bsp/driver/uart" -std=gnu11 --specs=picolibc.specs -DPICOLIBC_INTEGER_PRINTF_SCANF -MMD -MP -MF"src/main.d" -MT"src/main.o" -c -o "src/main.o" "../src/main.c"
Finished building: ../src/main.c
 
Building target: ice40_nano.elf
Invoking: GNU RISC-V Cross C Linker
riscv-none-embed-gcc -march=rv32i -mabi=ilp32 -msmall-data-limit=8 -mno-save-restore -O0 -fmessage-length=0 -fsigned-char -ffunction-sections -fdata-sections  -g3 -T "O:/src/Propel/iCE40UP/ice40_nano/ws/ice40_nano/src/linker.ld" -nostartfiles -Xlinker --gc-sections -Wl,-Map,"ice40_nano.map" --specs=picolibc.specs -DPICOLIBC_INTEGER_PRINTF_SCANF -o "ice40_nano.elf"  ./src/bsp/driver/uart/uart.o  ./src/bsp/driver/riscv_nano/crt0.o ./src/bsp/driver/riscv_nano/exit.o ./src/bsp/driver/riscv_nano/interrupt.o ./src/bsp/driver/riscv_nano/iob.o ./src/bsp/driver/riscv_nano/pic.o ./src/bsp/driver/riscv_nano/reg_access.o ./src/bsp/driver/riscv_nano/util.o  ./src/bsp/driver/gpio/gpio.o  ./src/bsp/reg_test.o  ./src/main.o ./src/utils.o   
Finished building target: ice40_nano.elf
 
Invoking: GNU RISC-V Cross Create Listing
riscv-none-embed-objdump --source --all-headers --demangle --line-numbers --wide "ice40_nano.elf" > "ice40_nano.lst"
Finished building: ice40_nano.lst
 
Invoking: GNU RISC-V Cross Print Size
riscv-none-embed-size --format=berkeley "ice40_nano.elf"
   text	   data	    bss	    dec	    hex	filename
   3192	     24	   3048	   6264	   1878	ice40_nano.elf
Finished building: ice40_nano.siz
 
Invoking: Lattice Multi Memory Deployment (CODE SEGMENT)
riscv-none-embed-objcopy -O binary --gap-fill 0 -j .text -j .ctors -j .dtors "ice40_nano.elf" tmp; srec_cat tmp -Binary -byte-swap 4 -DISable Header -Output "ice40_nano_Code.mem" -MEM 32
Finished building: ice40_nano_Code.mem
 
Invoking: Lattice Multi Memory Deployment (DATA SEGMENT)
riscv-none-embed-objcopy -O binary --gap-fill 0 -j .rodata -j .data -j .bss "ice40_nano.elf" tmp; srec_cat tmp -Binary -byte-swap 4 -DISable Header -Output "ice40_nano_Data.mem" -MEM 32
Finished building: ice40_nano_Data.mem
 
18:25:39 **** Incremental Build of configuration Debug for project ice40_nano ****
make all 
Building target: ice40_nano.elf
Invoking: GNU RISC-V Cross C Linker
riscv-none-embed-gcc -march=rv32i -mabi=ilp32 -msmall-data-limit=8 -mno-save-restore -O0 -fmessage-length=0 -fsigned-char -ffunction-sections -fdata-sections  -g3 -T "O:/src/Propel/iCE40UP/ice40_nano/ws/ice40_nano/src/linker.ld" -nostartfiles -Xlinker --gc-sections -Wl,-Map,"ice40_nano.map" --specs=picolibc.specs -DPICOLIBC_INTEGER_PRINTF_SCANF -o "ice40_nano.elf"  ./src/bsp/driver/uart/uart.o  ./src/bsp/driver/riscv_nano/crt0.o ./src/bsp/driver/riscv_nano/exit.o ./src/bsp/driver/riscv_nano/interrupt.o ./src/bsp/driver/riscv_nano/iob.o ./src/bsp/driver/riscv_nano/pic.o ./src/bsp/driver/riscv_nano/reg_access.o ./src/bsp/driver/riscv_nano/util.o  ./src/bsp/driver/gpio/gpio.o  ./src/bsp/reg_test.o  ./src/main.o ./src/utils.o   
Finished building target: ice40_nano.elf
 
Invoking: GNU RISC-V Cross Create Listing
riscv-none-embed-objdump --source --all-headers --demangle --line-numbers --wide "ice40_nano.elf" > "ice40_nano.lst"
Finished building: ice40_nano.lst
 
Invoking: GNU RISC-V Cross Print Size
riscv-none-embed-size --format=berkeley "ice40_nano.elf"
   text	   data	    bss	    dec	    hex	filename
   3192	     24	   3048	   6264	   1878	ice40_nano.elf
Finished building: ice40_nano.siz
 
Invoking: Lattice Multi Memory Deployment (CODE SEGMENT)
riscv-none-embed-objcopy -O binary --gap-fill 0 -j .text -j .ctors -j .dtors "ice40_nano.elf" tmp; srec_cat tmp -Binary -byte-swap 4 -DISable Header -Output "ice40_nano_Code.mem" -MEM 32
Finished building: ice40_nano_Code.mem
 
Invoking: Lattice Multi Memory Deployment (DATA SEGMENT)
riscv-none-embed-objcopy -O binary --gap-fill 0 -j .rodata -j .data -j .bss "ice40_nano.elf" tmp; srec_cat tmp -Binary -byte-swap 4 -DISable Header -Output "ice40_nano_Data.mem" -MEM 32
Finished building: ice40_nano_Data.mem
 
Dump
riscv-none-embed-objdump -Dxr "ice40_nano.elf" > ice40_nano.dump
 
19:38:08 **** Incremental Build of configuration Debug for project ice40_nano ****
make all 
Building file: ../src/bsp/driver/uart/uart.c
Invoking: GNU RISC-V Cross C Compiler
riscv-none-embed-gcc -march=rv32i -mabi=ilp32 -msmall-data-limit=8 -mno-save-restore -O0 -fmessage-length=0 -fsigned-char -ffunction-sections -fdata-sections  -g3 -DLSCC_STDIO_UART_APB -I"O:\src\Propel\iCE40UP\ice40_nano\ws\ice40_nano/src" -I"O:\src\Propel\iCE40UP\ice40_nano\ws\ice40_nano/src/bsp" -I"O:\src\Propel\iCE40UP\ice40_nano\ws\ice40_nano/src/bsp/driver" -I"O:\src\Propel\iCE40UP\ice40_nano\ws\ice40_nano/src/bsp/driver/gpio" -I"O:\src\Propel\iCE40UP\ice40_nano\ws\ice40_nano/src/bsp/driver/riscv_nano" -I"O:\src\Propel\iCE40UP\ice40_nano\ws\ice40_nano/src/bsp/driver/uart" -std=gnu11 --specs=picolibc.specs -DPICOLIBC_INTEGER_PRINTF_SCANF -MMD -MP -MF"src/bsp/driver/uart/uart.d" -MT"src/bsp/driver/uart/uart.o" -c -o "src/bsp/driver/uart/uart.o" "../src/bsp/driver/uart/uart.c"
Finished building: ../src/bsp/driver/uart/uart.c
 
Building file: ../src/main.c
Invoking: GNU RISC-V Cross C Compiler
riscv-none-embed-gcc -march=rv32i -mabi=ilp32 -msmall-data-limit=8 -mno-save-restore -O0 -fmessage-length=0 -fsigned-char -ffunction-sections -fdata-sections  -g3 -DLSCC_STDIO_UART_APB -I"O:\src\Propel\iCE40UP\ice40_nano\ws\ice40_nano/src" -I"O:\src\Propel\iCE40UP\ice40_nano\ws\ice40_nano/src/bsp" -I"O:\src\Propel\iCE40UP\ice40_nano\ws\ice40_nano/src/bsp/driver" -I"O:\src\Propel\iCE40UP\ice40_nano\ws\ice40_nano/src/bsp/driver/gpio" -I"O:\src\Propel\iCE40UP\ice40_nano\ws\ice40_nano/src/bsp/driver/riscv_nano" -I"O:\src\Propel\iCE40UP\ice40_nano\ws\ice40_nano/src/bsp/driver/uart" -std=gnu11 --specs=picolibc.specs -DPICOLIBC_INTEGER_PRINTF_SCANF -MMD -MP -MF"src/main.d" -MT"src/main.o" -c -o "src/main.o" "../src/main.c"
Finished building: ../src/main.c
 
Building target: ice40_nano.elf
Invoking: GNU RISC-V Cross C Linker
riscv-none-embed-gcc -march=rv32i -mabi=ilp32 -msmall-data-limit=8 -mno-save-restore -O0 -fmessage-length=0 -fsigned-char -ffunction-sections -fdata-sections  -g3 -T "O:/src/Propel/iCE40UP/ice40_nano/ws/ice40_nano/src/linker.ld" -nostartfiles -Xlinker --gc-sections -Wl,-Map,"ice40_nano.map" --specs=picolibc.specs -DPICOLIBC_INTEGER_PRINTF_SCANF -o "ice40_nano.elf"  ./src/bsp/driver/uart/uart.o  ./src/bsp/driver/riscv_nano/crt0.o ./src/bsp/driver/riscv_nano/exit.o ./src/bsp/driver/riscv_nano/interrupt.o ./src/bsp/driver/riscv_nano/iob.o ./src/bsp/driver/riscv_nano/pic.o ./src/bsp/driver/riscv_nano/reg_access.o ./src/bsp/driver/riscv_nano/util.o  ./src/bsp/driver/gpio/gpio.o  ./src/bsp/reg_test.o  ./src/main.o ./src/utils.o   
Finished building target: ice40_nano.elf
 
Invoking: GNU RISC-V Cross Create Listing
riscv-none-embed-objdump --source --all-headers --demangle --line-numbers --wide "ice40_nano.elf" > "ice40_nano.lst"
Finished building: ice40_nano.lst
 
Invoking: GNU RISC-V Cross Print Size
riscv-none-embed-size --format=berkeley "ice40_nano.elf"
   text	   data	    bss	    dec	    hex	filename
   5688	     24	   3048	   8760	   2238	ice40_nano.elf
Finished building: ice40_nano.siz
 
Invoking: Lattice Multi Memory Deployment (CODE SEGMENT)
[...]
riscv-none-embed-objcopy -O binary --gap-fill 0 -j .text -j .data -j .bss -j .ctors -j .dtors -j .rodata "ice40_nano.elf" tmp; srec_cat tmp -Binary -byte-swap 4 -DISable Header -Output "ice40_nano_Code.mem" -MEM 32
Finished building: ice40_nano_Code.mem
 
Invoking: Lattice Multi Memory Deployment (DATA SEGMENT)
riscv-none-embed-objcopy -O binary --gap-fill 0 -j .data -j .bss "ice40_nano.elf" tmp; srec_cat tmp -Binary -byte-swap 4 -DISable Header -Output "ice40_nano_Data.mem" -MEM 32
Finished building: ice40_nano_Data.mem
 
post build
post_build.bat

O:\src\Propel\iCE40UP\ice40_nano\ws\ice40_nano\Debug>copy /y ice40_nano_Code.mem ..\..\..\tb  
        1 file(s) copied.

O:\src\Propel\iCE40UP\ice40_nano\ws\ice40_nano\Debug>python mem2bin.py ice40_nano_Code.mem ice40_nano_Code.bin -be 

O:\src\Propel\iCE40UP\ice40_nano\ws\ice40_nano\Debug>python mem2bin.py ice40_nano_Data.mem ice40_nano_Data.bin -be 
 
14:21:13 **** Incremental Build of configuration Debug for project ice40_nano ****
make all 
Invoking: GNU RISC-V Cross Print Size
riscv-none-embed-size --format=berkeley "ice40_nano.elf"
   text	   data	    bss	    dec	    hex	filename
   7252	      8	   2972	  10232	   27f8	ice40_nano.elf
Finished building: ice40_nano.siz
 
post build
post_build.bat

O:\src\Propel\iCE40UP\ice40_nano\ws\ice40_nano\Debug>copy /y ice40_nano_Code.mem ..\..\..\tb  
        1 file(s) copied.

O:\src\Propel\iCE40UP\ice40_nano\ws\ice40_nano\Debug>python mem2bin.py ice40_nano_Code.mem ice40_nano_Code.bin -be 

O:\src\Propel\iCE40UP\ice40_nano\ws\ice40_nano\Debug>python mem2bin.py ice40_nano_Data.mem ice40_nano_Data.bin -be 
 
06:47:30 **** Build of configuration Debug for project ice40_nano ****
make all 
Building file: ../src/bsp/driver/uart/uart.c
Invoking: GNU RISC-V Cross C Compiler
riscv-none-embed-gcc -march=rv32i -mabi=ilp32 -msmall-data-limit=8 -mno-save-restore -O0 -fmessage-length=0 -fsigned-char -ffunction-sections -fdata-sections  -g3 -DLSCC_STDIO_UART_APB -I"O:\src\Propel\iCE40UP\ice40_nano\ws\ice40_nano/src" -I"O:\src\Propel\iCE40UP\ice40_nano\ws\ice40_nano/src/bsp" -I"O:\src\Propel\iCE40UP\ice40_nano\ws\ice40_nano/src/bsp/driver" -I"O:\src\Propel\iCE40UP\ice40_nano\ws\ice40_nano/src/bsp/driver/gpio" -I"O:\src\Propel\iCE40UP\ice40_nano\ws\ice40_nano/src/bsp/driver/riscv_nano" -I"O:\src\Propel\iCE40UP\ice40_nano\ws\ice40_nano/src/bsp/driver/uart" -I"O:\src\Propel\iCE40UP\ice40_nano\ws\ice40_nano/src/bsp/driver/timer" -std=gnu11 --specs=picolibc.specs -DPICOLIBC_INTEGER_PRINTF_SCANF -MMD -MP -MF"src/bsp/driver/uart/uart.d" -MT"src/bsp/driver/uart/uart.o" -c -o "src/bsp/driver/uart/uart.o" "../src/bsp/driver/uart/uart.c"
Finished building: ../src/bsp/driver/uart/uart.c
 
Building file: ../src/bsp/reg_test.c
Invoking: GNU RISC-V Cross C Compiler
riscv-none-embed-gcc -march=rv32i -mabi=ilp32 -msmall-data-limit=8 -mno-save-restore -O0 -fmessage-length=0 -fsigned-char -ffunction-sections -fdata-sections  -g3 -DLSCC_STDIO_UART_APB -I"O:\src\Propel\iCE40UP\ice40_nano\ws\ice40_nano/src" -I"O:\src\Propel\iCE40UP\ice40_nano\ws\ice40_nano/src/bsp" -I"O:\src\Propel\iCE40UP\ice40_nano\ws\ice40_nano/src/bsp/driver" -I"O:\src\Propel\iCE40UP\ice40_nano\ws\ice40_nano/src/bsp/driver/gpio" -I"O:\src\Propel\iCE40UP\ice40_nano\ws\ice40_nano/src/bsp/driver/riscv_nano" -I"O:\src\Propel\iCE40UP\ice40_nano\ws\ice40_nano/src/bsp/driver/uart" -I"O:\src\Propel\iCE40UP\ice40_nano\ws\ice40_nano/src/bsp/driver/timer" -std=gnu11 --specs=picolibc.specs -DPICOLIBC_INTEGER_PRINTF_SCANF -MMD -MP -MF"src/bsp/reg_test.d" -MT"src/bsp/reg_test.o" -c -o "src/bsp/reg_test.o" "../src/bsp/reg_test.c"
Finished building: ../src/bsp/reg_test.c
 
Building file: ../src/i2c_controller.c
Invoking: GNU RISC-V Cross C Compiler
riscv-none-embed-gcc -march=rv32i -mabi=ilp32 -msmall-data-limit=8 -mno-save-restore -O0 -fmessage-length=0 -fsigned-char -ffunction-sections -fdata-sections  -g3 -DLSCC_STDIO_UART_APB -I"O:\src\Propel\iCE40UP\ice40_nano\ws\ice40_nano/src" -I"O:\src\Propel\iCE40UP\ice40_nano\ws\ice40_nano/src/bsp" -I"O:\src\Propel\iCE40UP\ice40_nano\ws\ice40_nano/src/bsp/driver" -I"O:\src\Propel\iCE40UP\ice40_nano\ws\ice40_nano/src/bsp/driver/gpio" -I"O:\src\Propel\iCE40UP\ice40_nano\ws\ice40_nano/src/bsp/driver/riscv_nano" -I"O:\src\Propel\iCE40UP\ice40_nano\ws\ice40_nano/src/bsp/driver/uart" -I"O:\src\Propel\iCE40UP\ice40_nano\ws\ice40_nano/src/bsp/driver/timer" -std=gnu11 --specs=picolibc.specs -DPICOLIBC_INTEGER_PRINTF_SCANF -MMD -MP -MF"src/i2c_controller.d" -MT"src/i2c_controller.o" -c -o "src/i2c_controller.o" "../src/i2c_controller.c"
Finished building: ../src/i2c_controller.c
 
Building file: ../src/lib_ov08x.c
Invoking: GNU RISC-V Cross C Compiler
riscv-none-embed-gcc -march=rv32i -mabi=ilp32 -msmall-data-limit=8 -mno-save-restore -O0 -fmessage-length=0 -fsigned-char -ffunction-sections -fdata-sections  -g3 -DLSCC_STDIO_UART_APB -I"O:\src\Propel\iCE40UP\ice40_nano\ws\ice40_nano/src" -I"O:\src\Propel\iCE40UP\ice40_nano\ws\ice40_nano/src/bsp" -I"O:\src\Propel\iCE40UP\ice40_nano\ws\ice40_nano/src/bsp/driver" -I"O:\src\Propel\iCE40UP\ice40_nano\ws\ice40_nano/src/bsp/driver/gpio" -I"O:\src\Propel\iCE40UP\ice40_nano\ws\ice40_nano/src/bsp/driver/riscv_nano" -I"O:\src\Propel\iCE40UP\ice40_nano\ws\ice40_nano/src/bsp/driver/uart" -I"O:\src\Propel\iCE40UP\ice40_nano\ws\ice40_nano/src/bsp/driver/timer" -std=gnu11 --specs=picolibc.specs -DPICOLIBC_INTEGER_PRINTF_SCANF -MMD -MP -MF"src/lib_ov08x.d" -MT"src/lib_ov08x.o" -c -o "src/lib_ov08x.o" "../src/lib_ov08x.c"
Finished building: ../src/lib_ov08x.c
 
Building file: ../src/main.c
Invoking: GNU RISC-V Cross C Compiler
riscv-none-embed-gcc -march=rv32i -mabi=ilp32 -msmall-data-limit=8 -mno-save-restore -O0 -fmessage-length=0 -fsigned-char -ffunction-sections -fdata-sections  -g3 -DLSCC_STDIO_UART_APB -I"O:\src\Propel\iCE40UP\ice40_nano\ws\ice40_nano/src" -I"O:\src\Propel\iCE40UP\ice40_nano\ws\ice40_nano/src/bsp" -I"O:\src\Propel\iCE40UP\ice40_nano\ws\ice40_nano/src/bsp/driver" -I"O:\src\Propel\iCE40UP\ice40_nano\ws\ice40_nano/src/bsp/driver/gpio" -I"O:\src\Propel\iCE40UP\ice40_nano\ws\ice40_nano/src/bsp/driver/riscv_nano" -I"O:\src\Propel\iCE40UP\ice40_nano\ws\ice40_nano/src/bsp/driver/uart" -I"O:\src\Propel\iCE40UP\ice40_nano\ws\ice40_nano/src/bsp/driver/timer" -std=gnu11 --specs=picolibc.specs -DPICOLIBC_INTEGER_PRINTF_SCANF -MMD -MP -MF"src/main.d" -MT"src/main.o" -c -o "src/main.o" "../src/main.c"
Finished building: ../src/main.c
 
Building file: ../src/utils.c
Invoking: GNU RISC-V Cross C Compiler
riscv-none-embed-gcc -march=rv32i -mabi=ilp32 -msmall-data-limit=8 -mno-save-restore -O0 -fmessage-length=0 -fsigned-char -ffunction-sections -fdata-sections  -g3 -DLSCC_STDIO_UART_APB -I"O:\src\Propel\iCE40UP\ice40_nano\ws\ice40_nano/src" -I"O:\src\Propel\iCE40UP\ice40_nano\ws\ice40_nano/src/bsp" -I"O:\src\Propel\iCE40UP\ice40_nano\ws\ice40_nano/src/bsp/driver" -I"O:\src\Propel\iCE40UP\ice40_nano\ws\ice40_nano/src/bsp/driver/gpio" -I"O:\src\Propel\iCE40UP\ice40_nano\ws\ice40_nano/src/bsp/driver/riscv_nano" -I"O:\src\Propel\iCE40UP\ice40_nano\ws\ice40_nano/src/bsp/driver/uart" -I"O:\src\Propel\iCE40UP\ice40_nano\ws\ice40_nano/src/bsp/driver/timer" -std=gnu11 --specs=picolibc.specs -DPICOLIBC_INTEGER_PRINTF_SCANF -MMD -MP -MF"src/utils.d" -MT"src/utils.o" -c -o "src/utils.o" "../src/utils.c"
Finished building: ../src/utils.c
 
Building target: ice40_nano.elf
Invoking: GNU RISC-V Cross C Linker
riscv-none-embed-gcc -march=rv32i -mabi=ilp32 -msmall-data-limit=8 -mno-save-restore -O0 -fmessage-length=0 -fsigned-char -ffunction-sections -fdata-sections  -g3 -T "O:/src/Propel/iCE40UP/ice40_nano/ws/ice40_nano/src/linker.ld" -nostartfiles -Xlinker --gc-sections -Wl,-Map,"ice40_nano.map" --specs=picolibc.specs -DPICOLIBC_INTEGER_PRINTF_SCANF -o "ice40_nano.elf"  ./src/bsp/driver/uart/uart.o  ./src/bsp/driver/timer/timer.o  ./src/bsp/driver/riscv_nano/crt0.o ./src/bsp/driver/riscv_nano/exit.o ./src/bsp/driver/riscv_nano/interrupt.o ./src/bsp/driver/riscv_nano/iob.o ./src/bsp/driver/riscv_nano/pic.o ./src/bsp/driver/riscv_nano/reg_access.o ./src/bsp/driver/riscv_nano/util.o  ./src/bsp/driver/gpio/gpio.o  ./src/bsp/reg_test.o  ./src/i2c_controller.o ./src/lib_ov08x.o ./src/main.o ./src/utils.o   
Finished building target: ice40_nano.elf
 
Invoking: GNU RISC-V Cross Create Listing
riscv-none-embed-objdump --source --all-headers --demangle --line-numbers --wide "ice40_nano.elf" > "ice40_nano.lst"
Finished building: ice40_nano.lst
 
Invoking: GNU RISC-V Cross Print Size
riscv-none-embed-size --format=berkeley "ice40_nano.elf"
   text	   data	    bss	    dec	    hex	filename
   7252	      8	   2972	  10232	   27f8	ice40_nano.elf
Finished building: ice40_nano.siz
 
Invoking: Lattice Create Memory Deployment
riscv-none-embed-objcopy -O binary --gap-fill 0 "ice40_nano.elf" "ice40_nano.bin"; srec_cat "ice40_nano.bin" -Binary -byte-swap 4 -DISable Header -Output "ice40_nano.mem" -MEM 32
Finished building: ice40_nano.mem
 
Invoking: Lattice Multi Memory Deployment (CODE SEGMENT)
riscv-none-embed-objcopy -O binary --gap-fill 0 -j .text -j .data -j .bss -j .ctors -j .dtors -j .rodata "ice40_nano.elf" tmp; srec_cat tmp -Binary -byte-swap 4 -DISable Header -Output "ice40_nano_Code.mem" -MEM 32
Finished building: ice40_nano_Code.mem
 
Invoking: Lattice Multi Memory Deployment (DATA SEGMENT)
riscv-none-embed-objcopy -O binary --gap-fill 0 -j .data -j .bss "ice40_nano.elf" tmp; srec_cat tmp -Binary -byte-swap 4 -DISable Header -Output "ice40_nano_Data.mem" -MEM 32
Finished building: ice40_nano_Data.mem
 
post build
post_build.bat

O:\src\Propel\iCE40UP\ice40_nano\ws\ice40_nano\Debug>copy /y ice40_nano_Code.mem ..\..\..\tb  
        1 file(s) copied.

O:\src\Propel\iCE40UP\ice40_nano\ws\ice40_nano\Debug>python mem2bin.py ice40_nano_Code.mem ice40_nano_Code.bin -be 

O:\src\Propel\iCE40UP\ice40_nano\ws\ice40_nano\Debug>python mem2bin.py ice40_nano_Data.mem ice40_nano_Data.bin -be 
 
22:37:54 **** Incremental Build of configuration Debug for project ice40_nano ****
make all 
Building file: ../src/bsp/driver/uart/uart.c
Invoking: GNU RISC-V Cross C Compiler
riscv-none-embed-gcc -march=rv32i -mabi=ilp32 -msmall-data-limit=8 -mno-save-restore -O0 -fmessage-length=0 -fsigned-char -ffunction-sections -fdata-sections  -g3 -DLSCC_STDIO_UART_APB -I"O:\src\Propel\iCE40UP\ice40_nano\ws\ice40_nano/src" -I"O:\src\Propel\iCE40UP\ice40_nano\ws\ice40_nano/src/bsp" -I"O:\src\Propel\iCE40UP\ice40_nano\ws\ice40_nano/src/bsp/driver" -I"O:\src\Propel\iCE40UP\ice40_nano\ws\ice40_nano/src/bsp/driver/gpio" -I"O:\src\Propel\iCE40UP\ice40_nano\ws\ice40_nano/src/bsp/driver/riscv_nano" -I"O:\src\Propel\iCE40UP\ice40_nano\ws\ice40_nano/src/bsp/driver/uart" -I"O:\src\Propel\iCE40UP\ice40_nano\ws\ice40_nano/src/bsp/driver/timer" -std=gnu11 --specs=picolibc.specs -DPICOLIBC_INTEGER_PRINTF_SCANF -MMD -MP -MF"src/bsp/driver/uart/uart.d" -MT"src/bsp/driver/uart/uart.o" -c -o "src/bsp/driver/uart/uart.o" "../src/bsp/driver/uart/uart.c"
Finished building: ../src/bsp/driver/uart/uart.c
 
Building file: ../src/bsp/reg_test.c
Invoking: GNU RISC-V Cross C Compiler
riscv-none-embed-gcc -march=rv32i -mabi=ilp32 -msmall-data-limit=8 -mno-save-restore -O0 -fmessage-length=0 -fsigned-char -ffunction-sections -fdata-sections  -g3 -DLSCC_STDIO_UART_APB -I"O:\src\Propel\iCE40UP\ice40_nano\ws\ice40_nano/src" -I"O:\src\Propel\iCE40UP\ice40_nano\ws\ice40_nano/src/bsp" -I"O:\src\Propel\iCE40UP\ice40_nano\ws\ice40_nano/src/bsp/driver" -I"O:\src\Propel\iCE40UP\ice40_nano\ws\ice40_nano/src/bsp/driver/gpio" -I"O:\src\Propel\iCE40UP\ice40_nano\ws\ice40_nano/src/bsp/driver/riscv_nano" -I"O:\src\Propel\iCE40UP\ice40_nano\ws\ice40_nano/src/bsp/driver/uart" -I"O:\src\Propel\iCE40UP\ice40_nano\ws\ice40_nano/src/bsp/driver/timer" -std=gnu11 --specs=picolibc.specs -DPICOLIBC_INTEGER_PRINTF_SCANF -MMD -MP -MF"src/bsp/reg_test.d" -MT"src/bsp/reg_test.o" -c -o "src/bsp/reg_test.o" "../src/bsp/reg_test.c"
Finished building: ../src/bsp/reg_test.c
 
Building file: ../src/i2c_controller.c
Invoking: GNU RISC-V Cross C Compiler
riscv-none-embed-gcc -march=rv32i -mabi=ilp32 -msmall-data-limit=8 -mno-save-restore -O0 -fmessage-length=0 -fsigned-char -ffunction-sections -fdata-sections  -g3 -DLSCC_STDIO_UART_APB -I"O:\src\Propel\iCE40UP\ice40_nano\ws\ice40_nano/src" -I"O:\src\Propel\iCE40UP\ice40_nano\ws\ice40_nano/src/bsp" -I"O:\src\Propel\iCE40UP\ice40_nano\ws\ice40_nano/src/bsp/driver" -I"O:\src\Propel\iCE40UP\ice40_nano\ws\ice40_nano/src/bsp/driver/gpio" -I"O:\src\Propel\iCE40UP\ice40_nano\ws\ice40_nano/src/bsp/driver/riscv_nano" -I"O:\src\Propel\iCE40UP\ice40_nano\ws\ice40_nano/src/bsp/driver/uart" -I"O:\src\Propel\iCE40UP\ice40_nano\ws\ice40_nano/src/bsp/driver/timer" -std=gnu11 --specs=picolibc.specs -DPICOLIBC_INTEGER_PRINTF_SCANF -MMD -MP -MF"src/i2c_controller.d" -MT"src/i2c_controller.o" -c -o "src/i2c_controller.o" "../src/i2c_controller.c"
Finished building: ../src/i2c_controller.c
 
Building file: ../src/lib_ov08x.c
Invoking: GNU RISC-V Cross C Compiler
riscv-none-embed-gcc -march=rv32i -mabi=ilp32 -msmall-data-limit=8 -mno-save-restore -O0 -fmessage-length=0 -fsigned-char -ffunction-sections -fdata-sections  -g3 -DLSCC_STDIO_UART_APB -I"O:\src\Propel\iCE40UP\ice40_nano\ws\ice40_nano/src" -I"O:\src\Propel\iCE40UP\ice40_nano\ws\ice40_nano/src/bsp" -I"O:\src\Propel\iCE40UP\ice40_nano\ws\ice40_nano/src/bsp/driver" -I"O:\src\Propel\iCE40UP\ice40_nano\ws\ice40_nano/src/bsp/driver/gpio" -I"O:\src\Propel\iCE40UP\ice40_nano\ws\ice40_nano/src/bsp/driver/riscv_nano" -I"O:\src\Propel\iCE40UP\ice40_nano\ws\ice40_nano/src/bsp/driver/uart" -I"O:\src\Propel\iCE40UP\ice40_nano\ws\ice40_nano/src/bsp/driver/timer" -std=gnu11 --specs=picolibc.specs -DPICOLIBC_INTEGER_PRINTF_SCANF -MMD -MP -MF"src/lib_ov08x.d" -MT"src/lib_ov08x.o" -c -o "src/lib_ov08x.o" "../src/lib_ov08x.c"
../src/lib_ov08x.c:4:10: fatal error: timer2.h: No such file or directory
    4 | #include "timer2.h"
      |          ^~~~~~~~~~
compilation terminated.
make[1]: *** [src/subdir.mk:29: src/lib_ov08x.o] Error 1
make: *** [makefile:61: all] Error 2
"make all" terminated with exit code 2. Build might be incomplete.
22:38:13 **** Incremental Build of configuration Debug for project ice40_nano ****
make all 
Building file: ../src/lib_ov08x.c
Invoking: GNU RISC-V Cross C Compiler
riscv-none-embed-gcc -march=rv32i -mabi=ilp32 -msmall-data-limit=8 -mno-save-restore -O0 -fmessage-length=0 -fsigned-char -ffunction-sections -fdata-sections  -g3 -DLSCC_STDIO_UART_APB -I"O:\src\Propel\iCE40UP\ice40_nano\ws\ice40_nano/src" -I"O:\src\Propel\iCE40UP\ice40_nano\ws\ice40_nano/src/bsp" -I"O:\src\Propel\iCE40UP\ice40_nano\ws\ice40_nano/src/bsp/driver" -I"O:\src\Propel\iCE40UP\ice40_nano\ws\ice40_nano/src/bsp/driver/gpio" -I"O:\src\Propel\iCE40UP\ice40_nano\ws\ice40_nano/src/bsp/driver/riscv_nano" -I"O:\src\Propel\iCE40UP\ice40_nano\ws\ice40_nano/src/bsp/driver/uart" -I"O:\src\Propel\iCE40UP\ice40_nano\ws\ice40_nano/src/bsp/driver/timer" -std=gnu11 --specs=picolibc.specs -DPICOLIBC_INTEGER_PRINTF_SCANF -MMD -MP -MF"src/lib_ov08x.d" -MT"src/lib_ov08x.o" -c -o "src/lib_ov08x.o" "../src/lib_ov08x.c"
../src/lib_ov08x.c: In function 'ov08x_start':
../src/lib_ov08x.c:496:44: warning: passing argument 4 of 'i2c_write' discards 'const' qualifier from pointer target type [-Wdiscarded-qualifiers]
  496 |   ret = i2c_write(ov08x_slave, offset, sz, &i2c_data[i][3]);
      |                                            ^~~~~~~~~~~~~~~
In file included from ../src/lib_ov08x.c:2:
../src/i2c_controller.h:13:94: note: expected 'unsigned char *' but argument is of type 'const unsigned char *'
   13 | int i2c_write(unsigned char slave, unsigned short offset, unsigned int count, unsigned char *val) ;
      |                                                                               ~~~~~~~~~~~~~~~^~~
Finished building: ../src/lib_ov08x.c
 
Building file: ../src/main.c
Invoking: GNU RISC-V Cross C Compiler
riscv-none-embed-gcc -march=rv32i -mabi=ilp32 -msmall-data-limit=8 -mno-save-restore -O0 -fmessage-length=0 -fsigned-char -ffunction-sections -fdata-sections  -g3 -DLSCC_STDIO_UART_APB -I"O:\src\Propel\iCE40UP\ice40_nano\ws\ice40_nano/src" -I"O:\src\Propel\iCE40UP\ice40_nano\ws\ice40_nano/src/bsp" -I"O:\src\Propel\iCE40UP\ice40_nano\ws\ice40_nano/src/bsp/driver" -I"O:\src\Propel\iCE40UP\ice40_nano\ws\ice40_nano/src/bsp/driver/gpio" -I"O:\src\Propel\iCE40UP\ice40_nano\ws\ice40_nano/src/bsp/driver/riscv_nano" -I"O:\src\Propel\iCE40UP\ice40_nano\ws\ice40_nano/src/bsp/driver/uart" -I"O:\src\Propel\iCE40UP\ice40_nano\ws\ice40_nano/src/bsp/driver/timer" -std=gnu11 --specs=picolibc.specs -DPICOLIBC_INTEGER_PRINTF_SCANF -MMD -MP -MF"src/main.d" -MT"src/main.o" -c -o "src/main.o" "../src/main.c"
Finished building: ../src/main.c
 
Building file: ../src/utils.c
Invoking: GNU RISC-V Cross C Compiler
riscv-none-embed-gcc -march=rv32i -mabi=ilp32 -msmall-data-limit=8 -mno-save-restore -O0 -fmessage-length=0 -fsigned-char -ffunction-sections -fdata-sections  -g3 -DLSCC_STDIO_UART_APB -I"O:\src\Propel\iCE40UP\ice40_nano\ws\ice40_nano/src" -I"O:\src\Propel\iCE40UP\ice40_nano\ws\ice40_nano/src/bsp" -I"O:\src\Propel\iCE40UP\ice40_nano\ws\ice40_nano/src/bsp/driver" -I"O:\src\Propel\iCE40UP\ice40_nano\ws\ice40_nano/src/bsp/driver/gpio" -I"O:\src\Propel\iCE40UP\ice40_nano\ws\ice40_nano/src/bsp/driver/riscv_nano" -I"O:\src\Propel\iCE40UP\ice40_nano\ws\ice40_nano/src/bsp/driver/uart" -I"O:\src\Propel\iCE40UP\ice40_nano\ws\ice40_nano/src/bsp/driver/timer" -std=gnu11 --specs=picolibc.specs -DPICOLIBC_INTEGER_PRINTF_SCANF -MMD -MP -MF"src/utils.d" -MT"src/utils.o" -c -o "src/utils.o" "../src/utils.c"
Finished building: ../src/utils.c
 
Building target: ice40_nano.elf
Invoking: GNU RISC-V Cross C Linker
riscv-none-embed-gcc -march=rv32i -mabi=ilp32 -msmall-data-limit=8 -mno-save-restore -O0 -fmessage-length=0 -fsigned-char -ffunction-sections -fdata-sections  -g3 -T "O:/src/Propel/iCE40UP/ice40_nano/ws/ice40_nano/src/linker.ld" -nostartfiles -Xlinker --gc-sections -Wl,-Map,"ice40_nano.map" --specs=picolibc.specs -DPICOLIBC_INTEGER_PRINTF_SCANF -o "ice40_nano.elf"  ./src/bsp/driver/uart/uart.o  ./src/bsp/driver/timer/timer.o  ./src/bsp/driver/riscv_nano/crt0.o ./src/bsp/driver/riscv_nano/exit.o ./src/bsp/driver/riscv_nano/interrupt.o ./src/bsp/driver/riscv_nano/iob.o ./src/bsp/driver/riscv_nano/pic.o ./src/bsp/driver/riscv_nano/reg_access.o ./src/bsp/driver/riscv_nano/util.o  ./src/bsp/driver/gpio/gpio.o  ./src/bsp/reg_test.o  ./src/i2c_controller.o ./src/lib_ov08x.o ./src/main.o ./src/utils.o   
Finished building target: ice40_nano.elf
 
Invoking: GNU RISC-V Cross Create Listing
riscv-none-embed-objdump --source --all-headers --demangle --line-numbers --wide "ice40_nano.elf" > "ice40_nano.lst"
Finished building: ice40_nano.lst
 
Invoking: GNU RISC-V Cross Print Size
riscv-none-embed-size --format=berkeley "ice40_nano.elf"
   text	   data	    bss	    dec	    hex	filename
   5280	   1680	   2972	   9932	   26cc	ice40_nano.elf
Finished building: ice40_nano.siz
 
Invoking: Lattice Multi Memory Deployment (CODE SEGMENT)
riscv-none-embed-objcopy -O binary --gap-fill 0 -j .text -j .data -j .bss -j .ctors -j .dtors -j .rodata "ice40_nano.elf" tmp; srec_cat tmp -Binary -byte-swap 4 -DISable Header -Output "ice40_nano_Code.mem" -MEM 32
Finished building: ice40_nano_Code.mem
 
Invoking: Lattice Multi Memory Deployment (DATA SEGMENT)
riscv-none-embed-objcopy -O binary --gap-fill 0 -j .data -j .bss "ice40_nano.elf" tmp; srec_cat tmp -Binary -byte-swap 4 -DISable Header -Output "ice40_nano_Data.mem" -MEM 32
Finished building: ice40_nano_Data.mem
 
post build
post_build.bat

O:\src\Propel\iCE40UP\ice40_nano\ws\ice40_nano\Debug>copy /y ice40_nano_Code.mem ..\..\..\tb  
        1 file(s) copied.

O:\src\Propel\iCE40UP\ice40_nano\ws\ice40_nano\Debug>python mem2bin.py ice40_nano_Code.mem ice40_nano_Code.bin -be 

O:\src\Propel\iCE40UP\ice40_nano\ws\ice40_nano\Debug>python mem2bin.py ice40_nano_Data.mem ice40_nano_Data.bin -be 
 
